Archive member included to satisfy reference by file (symbol)

c:/siliconlabs/simplicitystudio/v5/developer/toolchains/gnu_arm/10.3_2021.10/bin/../lib/gcc/arm-none-eabi/10.3.1/thumb/v7e-m+fp/softfp\libgcc.a(_arm_addsubdf3.o)
                              ./main.o (__aeabi_f2d)
c:/siliconlabs/simplicitystudio/v5/developer/toolchains/gnu_arm/10.3_2021.10/bin/../lib/gcc/arm-none-eabi/10.3.1/thumb/v7e-m+fp/softfp\libgcc.a(_arm_truncdfsf2.o)
                              ./main.o (__aeabi_d2f)
c:/siliconlabs/simplicitystudio/v5/developer/toolchains/gnu_arm/10.3_2021.10/bin/../lib/gcc/arm-none-eabi/10.3.1/thumb/v7e-m+fp/softfp\libgcc.a(_aeabi_ldivmod.o)
                              ./gecko_sdk_3.2.3/platform/emlib/src/em_usart.o (__aeabi_ldivmod)
c:/siliconlabs/simplicitystudio/v5/developer/toolchains/gnu_arm/10.3_2021.10/bin/../lib/gcc/arm-none-eabi/10.3.1/thumb/v7e-m+fp/softfp\libgcc.a(_aeabi_uldivmod.o)
                              ./gecko_sdk_3.2.3/platform/emlib/src/em_usart.o (__aeabi_uldivmod)
c:/siliconlabs/simplicitystudio/v5/developer/toolchains/gnu_arm/10.3_2021.10/bin/../lib/gcc/arm-none-eabi/10.3.1/thumb/v7e-m+fp/softfp\libgcc.a(_udivmoddi4.o)
                              c:/siliconlabs/simplicitystudio/v5/developer/toolchains/gnu_arm/10.3_2021.10/bin/../lib/gcc/arm-none-eabi/10.3.1/thumb/v7e-m+fp/softfp\libgcc.a(_aeabi_ldivmod.o) (__udivmoddi4)
c:/siliconlabs/simplicitystudio/v5/developer/toolchains/gnu_arm/10.3_2021.10/bin/../lib/gcc/arm-none-eabi/10.3.1/thumb/v7e-m+fp/softfp\libgcc.a(_dvmd_tls.o)
                              c:/siliconlabs/simplicitystudio/v5/developer/toolchains/gnu_arm/10.3_2021.10/bin/../lib/gcc/arm-none-eabi/10.3.1/thumb/v7e-m+fp/softfp\libgcc.a(_aeabi_ldivmod.o) (__aeabi_ldiv0)
c:/siliconlabs/simplicitystudio/v5/developer/toolchains/gnu_arm/10.3_2021.10/bin/../lib/gcc/arm-none-eabi/10.3.1/../../../../arm-none-eabi/lib/thumb/v7e-m+fp/softfp\libc_nano.a(lib_a-atof.o)
                              ./main.o (atof)
c:/siliconlabs/simplicitystudio/v5/developer/toolchains/gnu_arm/10.3_2021.10/bin/../lib/gcc/arm-none-eabi/10.3.1/../../../../arm-none-eabi/lib/thumb/v7e-m+fp/softfp\libc_nano.a(lib_a-exit.o)
                              c:/siliconlabs/simplicitystudio/v5/developer/toolchains/gnu_arm/10.3_2021.10/bin/../lib/gcc/arm-none-eabi/10.3.1/../../../../arm-none-eabi/lib/thumb/v7e-m+fp/softfp/crt0.o (exit)
c:/siliconlabs/simplicitystudio/v5/developer/toolchains/gnu_arm/10.3_2021.10/bin/../lib/gcc/arm-none-eabi/10.3.1/../../../../arm-none-eabi/lib/thumb/v7e-m+fp/softfp\libc_nano.a(lib_a-impure.o)
                              c:/siliconlabs/simplicitystudio/v5/developer/toolchains/gnu_arm/10.3_2021.10/bin/../lib/gcc/arm-none-eabi/10.3.1/../../../../arm-none-eabi/lib/thumb/v7e-m+fp/softfp\libc_nano.a(lib_a-exit.o) (_global_impure_ptr)
c:/siliconlabs/simplicitystudio/v5/developer/toolchains/gnu_arm/10.3_2021.10/bin/../lib/gcc/arm-none-eabi/10.3.1/../../../../arm-none-eabi/lib/thumb/v7e-m+fp/softfp\libc_nano.a(lib_a-init.o)
                              c:/siliconlabs/simplicitystudio/v5/developer/toolchains/gnu_arm/10.3_2021.10/bin/../lib/gcc/arm-none-eabi/10.3.1/../../../../arm-none-eabi/lib/thumb/v7e-m+fp/softfp/crt0.o (__libc_init_array)
c:/siliconlabs/simplicitystudio/v5/developer/toolchains/gnu_arm/10.3_2021.10/bin/../lib/gcc/arm-none-eabi/10.3.1/../../../../arm-none-eabi/lib/thumb/v7e-m+fp/softfp\libc_nano.a(lib_a-memcpy-stub.o)
                              ./main.o (memcpy)
c:/siliconlabs/simplicitystudio/v5/developer/toolchains/gnu_arm/10.3_2021.10/bin/../lib/gcc/arm-none-eabi/10.3.1/../../../../arm-none-eabi/lib/thumb/v7e-m+fp/softfp\libc_nano.a(lib_a-memset.o)
                              c:/siliconlabs/simplicitystudio/v5/developer/toolchains/gnu_arm/10.3_2021.10/bin/../lib/gcc/arm-none-eabi/10.3.1/../../../../arm-none-eabi/lib/thumb/v7e-m+fp/softfp/crt0.o (memset)
c:/siliconlabs/simplicitystudio/v5/developer/toolchains/gnu_arm/10.3_2021.10/bin/../lib/gcc/arm-none-eabi/10.3.1/../../../../arm-none-eabi/lib/thumb/v7e-m+fp/softfp\libc_nano.a(lib_a-nano-vfprintf_float.o)
                              (_printf_float)
c:/siliconlabs/simplicitystudio/v5/developer/toolchains/gnu_arm/10.3_2021.10/bin/../lib/gcc/arm-none-eabi/10.3.1/../../../../arm-none-eabi/lib/thumb/v7e-m+fp/softfp\libc_nano.a(lib_a-nano-vfprintf_i.o)
                              c:/siliconlabs/simplicitystudio/v5/developer/toolchains/gnu_arm/10.3_2021.10/bin/../lib/gcc/arm-none-eabi/10.3.1/../../../../arm-none-eabi/lib/thumb/v7e-m+fp/softfp\libc_nano.a(lib_a-nano-vfprintf_float.o) (_printf_common)
c:/siliconlabs/simplicitystudio/v5/developer/toolchains/gnu_arm/10.3_2021.10/bin/../lib/gcc/arm-none-eabi/10.3.1/../../../../arm-none-eabi/lib/thumb/v7e-m+fp/softfp\libc_nano.a(lib_a-setvbuf.o)
                              ./gecko_sdk_3.2.3/platform/emlib/src/retargetserial.o (setvbuf)
[...]
Memory Configuration

Name             Origin             Length             Attributes
FLASH            0x00000000         0x00200000         xr
RAM              0x20000000         0x00080000         xrw
*default*        0x00000000         0xffffffff

Linker script and memory map

LOAD c:/siliconlabs/simplicitystudio/v5/developer/toolchains/gnu_arm/10.3_2021.10/bin/../lib/gcc/arm-none-eabi/10.3.1/thumb/v7e-m+fp/softfp/crti.o
LOAD c:/siliconlabs/simplicitystudio/v5/developer/toolchains/gnu_arm/10.3_2021.10/bin/../lib/gcc/arm-none-eabi/10.3.1/thumb/v7e-m+fp/softfp/crtbegin.o
LOAD c:/siliconlabs/simplicitystudio/v5/developer/toolchains/gnu_arm/10.3_2021.10/bin/../lib/gcc/arm-none-eabi/10.3.1/../../../../arm-none-eabi/lib/thumb/v7e-m+fp/softfp/crt0.o
START GROUP
LOAD ./autogen/sl_device_init_clocks.o
LOAD ./autogen/sl_event_handler.o
LOAD ./gecko_sdk_3.2.3/platform/Device/SiliconLabs/EFM32GG11B/Source/GCC/startup_efm32gg11b.o
LOAD ./gecko_sdk_3.2.3/platform/Device/SiliconLabs/EFM32GG11B/Source/system_efm32gg11b.o
LOAD ./gecko_sdk_3.2.3/platform/common/toolchain/src/sl_memory.o
LOAD ./gecko_sdk_3.2.3/platform/emlib/src/em_assert.o
LOAD ./gecko_sdk_3.2.3/platform/emlib/src/em_cmu.o
LOAD ./gecko_sdk_3.2.3/platform/emlib/src/em_core.o
LOAD ./gecko_sdk_3.2.3/platform/emlib/src/em_emu.o
LOAD ./gecko_sdk_3.2.3/platform/emlib/src/em_gpio.o
LOAD ./gecko_sdk_3.2.3/platform/emlib/src/em_system.o
LOAD ./gecko_sdk_3.2.3/platform/emlib/src/em_usart.o
LOAD ./gecko_sdk_3.2.3/platform/emlib/src/retargetio.o
LOAD ./gecko_sdk_3.2.3/platform/emlib/src/retargetserial.o
LOAD ./gecko_sdk_3.2.3/platform/service/device_init/src/sl_device_init_dcdc_s1.o
LOAD ./gecko_sdk_3.2.3/platform/service/device_init/src/sl_device_init_emu_s1.o
LOAD ./gecko_sdk_3.2.3/platform/service/device_init/src/sl_device_init_nvic.o
LOAD ./gecko_sdk_3.2.3/platform/service/system/src/sl_system_init.o
LOAD ./gecko_sdk_3.2.3/platform/service/system/src/sl_system_process_action.o
LOAD ./main.o
LOAD c:/siliconlabs/simplicitystudio/v5/developer/toolchains/gnu_arm/10.3_2021.10/bin/../lib/gcc/arm-none-eabi/10.3.1/thumb/v7e-m+fp/softfp\libgcc.a
LOAD c:/siliconlabs/simplicitystudio/v5/developer/toolchains/gnu_arm/10.3_2021.10/bin/../lib/gcc/arm-none-eabi/10.3.1/../../../../arm-none-eabi/lib/thumb/v7e-m+fp/softfp\libc_nano.a
LOAD c:/siliconlabs/simplicitystudio/v5/developer/toolchains/gnu_arm/10.3_2021.10/bin/../lib/gcc/arm-none-eabi/10.3.1/../../../../arm-none-eabi/lib/thumb/v7e-m+fp/softfp\libm.a
LOAD c:/siliconlabs/simplicitystudio/v5/developer/toolchains/gnu_arm/10.3_2021.10/bin/../lib/gcc/arm-none-eabi/10.3.1/../../../../arm-none-eabi/lib/thumb/v7e-m+fp/softfp\libnosys.a
END GROUP
START GROUP
LOAD c:/siliconlabs/simplicitystudio/v5/developer/toolchains/gnu_arm/10.3_2021.10/bin/../lib/gcc/arm-none-eabi/10.3.1/thumb/v7e-m+fp/softfp\libgcc.a
LOAD c:/siliconlabs/simplicitystudio/v5/developer/toolchains/gnu_arm/10.3_2021.10/bin/../lib/gcc/arm-none-eabi/10.3.1/../../../../arm-none-eabi/lib/thumb/v7e-m+fp/softfp\libc_nano.a
LOAD c:/siliconlabs/simplicitystudio/v5/developer/toolchains/gnu_arm/10.3_2021.10/bin/../lib/gcc/arm-none-eabi/10.3.1/../../../../arm-none-eabi/lib/thumb/v7e-m+fp/softfp\libnosys.a
END GROUP
START GROUP
LOAD c:/siliconlabs/simplicitystudio/v5/developer/toolchains/gnu_arm/10.3_2021.10/bin/../lib/gcc/arm-none-eabi/10.3.1/thumb/v7e-m+fp/softfp\libgcc.a
LOAD c:/siliconlabs/simplicitystudio/v5/developer/toolchains/gnu_arm/10.3_2021.10/bin/../lib/gcc/arm-none-eabi/10.3.1/../../../../arm-none-eabi/lib/thumb/v7e-m+fp/softfp\libg_nano.a
LOAD c:/siliconlabs/simplicitystudio/v5/developer/toolchains/gnu_arm/10.3_2021.10/bin/../lib/gcc/arm-none-eabi/10.3.1/../../../../arm-none-eabi/lib/thumb/v7e-m+fp/softfp\libc_nano.a
END GROUP
START GROUP
LOAD c:/siliconlabs/simplicitystudio/v5/developer/toolchains/gnu_arm/10.3_2021.10/bin/../lib/gcc/arm-none-eabi/10.3.1/thumb/v7e-m+fp/softfp\libgcc.a
LOAD c:/siliconlabs/simplicitystudio/v5/developer/toolchains/gnu_arm/10.3_2021.10/bin/../lib/gcc/arm-none-eabi/10.3.1/../../../../arm-none-eabi/lib/thumb/v7e-m+fp/softfp\libc_nano.a
END GROUP
LOAD c:/siliconlabs/simplicitystudio/v5/developer/toolchains/gnu_arm/10.3_2021.10/bin/../lib/gcc/arm-none-eabi/10.3.1/thumb/v7e-m+fp/softfp/crtend.o
LOAD c:/siliconlabs/simplicitystudio/v5/developer/toolchains/gnu_arm/10.3_2021.10/bin/../lib/gcc/arm-none-eabi/10.3.1/thumb/v7e-m+fp/softfp/crtn.o

.text           0x00000000     0x871c
                0x00000000                linker_vectors_begin = .
 *(.vectors)
 .vectors       0x00000000      0x150 ./gecko_sdk_3.2.3/platform/Device/SiliconLabs/EFM32GG11B/Source/GCC/startup_efm32gg11b.o
                0x00000000                __Vectors
                0x00000150                linker_vectors_end = .
                0x00000150                __Vectors_End = .
                0x00000150                __Vectors_Size = (__Vectors_End - __Vectors)
                0x00000150                linker_code_begin = .
 *(.text*)
 .text          0x00000150       0x40 c:/siliconlabs/simplicitystudio/v5/developer/toolchains/gnu_arm/10.3_2021.10/bin/../lib/gcc/arm-none-eabi/10.3.1/thumb/v7e-m+fp/softfp/crtbegin.o
 .text          0x00000190       0x7c c:/siliconlabs/simplicitystudio/v5/developer/toolchains/gnu_arm/10.3_2021.10/bin/../lib/gcc/arm-none-eabi/10.3.1/../../../../arm-none-eabi/lib/thumb/v7e-m+fp/softfp/crt0.o
                0x00000190                _stack_init
                0x00000198                _start
                0x00000198                _mainCRTStartup
 .text.Default_Handler
                0x0000020c        0x2 ./gecko_sdk_3.2.3/platform/Device/SiliconLabs/EFM32GG11B/Source/GCC/startup_efm32gg11b.o
                0x0000020c                TIMER2_IRQHandler
                0x0000020c                DebugMon_Handler
                0x0000020c                TIMER5_IRQHandler
                0x0000020c                USART0_TX_IRQHandler
                0x0000020c                I2C0_IRQHandler
                0x0000020c                HardFault_Handler
                0x0000020c                LEUART1_IRQHandler
                0x0000020c                SDIO_IRQHandler
                0x0000020c                USART1_RX_IRQHandler
                0x0000020c                PendSV_Handler
                0x0000020c                NMI_Handler
                0x0000020c                I2C1_IRQHandler
                0x0000020c                CAN1_IRQHandler
                0x0000020c                WTIMER0_IRQHandler
                0x0000020c                WTIMER3_IRQHandler
                0x0000020c                CRYPTO0_IRQHandler
                0x0000020c                WDOG0_IRQHandler
                0x0000020c                TIMER3_IRQHandler
                0x0000020c                USART1_TX_IRQHandler
                0x0000020c                SMU_IRQHandler
                0x0000020c                MSC_IRQHandler
                0x0000020c                ADC0_IRQHandler
                0x0000020c                UsageFault_Handler
                0x0000020c                WDOG1_IRQHandler
                0x0000020c                LEUART0_IRQHandler
                0x0000020c                TIMER4_IRQHandler
                0x0000020c                FPUEH_IRQHandler
                0x0000020c                WTIMER1_IRQHandler
                0x0000020c                GPIO_EVEN_IRQHandler
                0x0000020c                UART0_TX_IRQHandler
                0x0000020c                UART1_TX_IRQHandler
                0x0000020c                VDAC0_IRQHandler
                0x0000020c                LDMA_IRQHandler
                0x0000020c                QSPI0_IRQHandler
                0x0000020c                TIMER6_IRQHandler
                0x0000020c                CSEN_IRQHandler
                0x0000020c                ADC1_IRQHandler
                0x0000020c                I2C2_IRQHandler
                0x0000020c                RTC_IRQHandler
                0x0000020c                TIMER0_IRQHandler
                0x0000020c                LCD_IRQHandler
                0x0000020c                PCNT2_IRQHandler
                0x0000020c                LETIMER0_IRQHandler
                0x0000020c                WTIMER2_IRQHandler
                0x0000020c                TIMER1_IRQHandler
                0x0000020c                TRNG0_IRQHandler
                0x0000020c                USART2_RX_IRQHandler
                0x0000020c                Default_Handler
                0x0000020c                EMU_IRQHandler
                0x0000020c                CRYOTIMER_IRQHandler
                0x0000020c                PCNT0_IRQHandler
                0x0000020c                sl_app_properties
                0x0000020c                USB_IRQHandler
                0x0000020c                USART4_TX_IRQHandler
                0x0000020c                PCNT1_IRQHandler
                0x0000020c                ACMP0_IRQHandler
                0x0000020c                USART0_RX_IRQHandler
                0x0000020c                USART5_TX_IRQHandler
                0x0000020c                MemManage_Handler
                0x0000020c                SVC_Handler
                0x0000020c                USART3_RX_IRQHandler
                0x0000020c                RTCC_IRQHandler
                0x0000020c                UART1_RX_IRQHandler
                0x0000020c                ETH_IRQHandler
                0x0000020c                CMU_IRQHandler
                0x0000020c                EBI_IRQHandler
                0x0000020c                CAN0_IRQHandler
                0x0000020c                GPIO_ODD_IRQHandler
                0x0000020c                LESENSE_IRQHandler
                0x0000020c                USART3_TX_IRQHandler
                0x0000020c                LETIMER1_IRQHandler
                0x0000020c                ACMP2_IRQHandler
                0x0000020c                BusFault_Handler
                0x0000020c                USART2_TX_IRQHandler
                0x0000020c                IDAC0_IRQHandler
 *fill*         0x0000020e        0x2 
 .text.Reset_Handler
                0x00000210       0x2c ./gecko_sdk_3.2.3/platform/Device/SiliconLabs/EFM32GG11B/Source/GCC/startup_efm32gg11b.o
                0x00000210                Reset_Handler
 .text.SystemHFClockGet
                0x0000023c       0x74 ./gecko_sdk_3.2.3/platform/Device/SiliconLabs/EFM32GG11B/Source/system_efm32gg11b.o
                0x0000023c                SystemHFClockGet
 .text.SystemHFXOClockGet
                0x000002b0        0xc ./gecko_sdk_3.2.3/platform/Device/SiliconLabs/EFM32GG11B/Source/system_efm32gg11b.o
                0x000002b0                SystemHFXOClockGet
 .text.SystemInit
                0x000002bc       0x1c ./gecko_sdk_3.2.3/platform/Device/SiliconLabs/EFM32GG11B/Source/system_efm32gg11b.o
                0x000002bc                SystemInit
 .text.SystemLFRCOClockGet
                0x000002d8        0x6 ./gecko_sdk_3.2.3/platform/Device/SiliconLabs/EFM32GG11B/Source/system_efm32gg11b.o
                0x000002d8                SystemLFRCOClockGet
 .text.SystemULFRCOClockGet
                0x000002de        0x6 ./gecko_sdk_3.2.3/platform/Device/SiliconLabs/EFM32GG11B/Source/system_efm32gg11b.o
                0x000002de                SystemULFRCOClockGet
 .text.SystemLFXOClockGet
                0x000002e4        0xc ./gecko_sdk_3.2.3/platform/Device/SiliconLabs/EFM32GG11B/Source/system_efm32gg11b.o
                0x000002e4                SystemLFXOClockGet
 .text._sbrk    0x000002f0       0x20 ./gecko_sdk_3.2.3/platform/common/toolchain/src/sl_memory.o
                0x000002f0                _sbrk
 .text.assertEFM
                0x00000310        0x2 ./gecko_sdk_3.2.3/platform/emlib/src/em_assert.o
                0x00000310                assertEFM
 *fill*         0x00000312        0x2 
 .text.SL_Log2ToDiv
                0x00000314       0x1c ./gecko_sdk_3.2.3/platform/emlib/src/em_cmu.o
 .text.syncReg  0x00000330       0x18 ./gecko_sdk_3.2.3/platform/emlib/src/em_cmu.o
 .text.CMU_ClockEnable
                0x00000348       0xd4 ./gecko_sdk_3.2.3/platform/emlib/src/em_cmu.o
                0x00000348                CMU_ClockEnable
 .text.CMU_ClockPrescGet
                0x0000041c      0x198 ./gecko_sdk_3.2.3/platform/emlib/src/em_cmu.o
                0x0000041c                CMU_ClockPrescGet
 .text.CMU_ClockDivGet
                0x000005b4        0xa ./gecko_sdk_3.2.3/platform/emlib/src/em_cmu.o
                0x000005b4                CMU_ClockDivGet
 *fill*         0x000005be        0x2 
 .text.CMU_ClockSelectGet
                0x000005c0      0x144 ./gecko_sdk_3.2.3/platform/emlib/src/em_cmu.o
                0x000005c0                CMU_ClockSelectGet
 .text.lfClkGet
                0x00000704       0xe0 ./gecko_sdk_3.2.3/platform/emlib/src/em_cmu.o
 .text.adcAsyncClkGet
                0x000007e4       0x64 ./gecko_sdk_3.2.3/platform/emlib/src/em_cmu.o
 .text.CMU_ClockFreqGet
                0x00000848      0x358 ./gecko_sdk_3.2.3/platform/emlib/src/em_cmu.o
                0x00000848                CMU_ClockFreqGet
 .text.CORE_EnterAtomic
                0x00000ba0        0xc ./gecko_sdk_3.2.3/platform/emlib/src/em_core.o
                0x00000ba0                CORE_EnterAtomic
 .text.CORE_ExitAtomic
                0x00000bac        0x6 ./gecko_sdk_3.2.3/platform/emlib/src/em_core.o
                0x00000bac                CORE_ExitAtomic
 *fill*         0x00000bb2        0x2 
 .text.GPIO_PinOutSet
                0x00000bb4       0x38 ./gecko_sdk_3.2.3/platform/emlib/src/em_gpio.o
 .text.GPIO_PinOutClear
                0x00000bec       0x38 ./gecko_sdk_3.2.3/platform/emlib/src/em_gpio.o
 .text.GPIO_PinModeSet
                0x00000c24       0x9c ./gecko_sdk_3.2.3/platform/emlib/src/em_gpio.o
                0x00000c24                GPIO_PinModeSet
 .text.USART_BaudrateAsyncSet
                0x00000cc0       0xd0 ./gecko_sdk_3.2.3/platform/emlib/src/em_usart.o
                0x00000cc0                USART_BaudrateAsyncSet
 .text.USART_Enable
                0x00000d90       0x64 ./gecko_sdk_3.2.3/platform/emlib/src/em_usart.o
                0x00000d90                USART_Enable
 .text.USART_Reset
                0x00000df4       0x8c ./gecko_sdk_3.2.3/platform/emlib/src/em_usart.o
                0x00000df4                USART_Reset
 .text.USART_InitAsync
                0x00000e80       0xb4 ./gecko_sdk_3.2.3/platform/emlib/src/em_usart.o
                0x00000e80                USART_InitAsync
 .text.USART_Rx
                0x00000f34        0xc ./gecko_sdk_3.2.3/platform/emlib/src/em_usart.o
                0x00000f34                USART_Rx
 .text.USART_Tx
                0x00000f40        0xa ./gecko_sdk_3.2.3/platform/emlib/src/em_usart.o
                0x00000f40                USART_Tx
 .text._close   0x00000f4a        0x4 ./gecko_sdk_3.2.3/platform/emlib/src/retargetio.o
                0x00000f4a                _close
 .text._exit    0x00000f4e        0x2 ./gecko_sdk_3.2.3/platform/emlib/src/retargetio.o
                0x00000f4e                _exit
 .text._fstat   0x00000f50        0xa ./gecko_sdk_3.2.3/platform/emlib/src/retargetio.o
                0x00000f50                _fstat
 .text._getpid  0x00000f5a        0x4 ./gecko_sdk_3.2.3/platform/emlib/src/retargetio.o
                0x00000f5a                _getpid
 .text._isatty  0x00000f5e        0x4 ./gecko_sdk_3.2.3/platform/emlib/src/retargetio.o
                0x00000f5e                _isatty
 .text._kill    0x00000f62        0x6 ./gecko_sdk_3.2.3/platform/emlib/src/retargetio.o
                0x00000f62                _kill
 .text._lseek   0x00000f68        0x4 ./gecko_sdk_3.2.3/platform/emlib/src/retargetio.o
                0x00000f68                _lseek
 .text._read    0x00000f6c       0x2a ./gecko_sdk_3.2.3/platform/emlib/src/retargetio.o
                0x00000f6c                _read
 .text._write   0x00000f96       0x1c ./gecko_sdk_3.2.3/platform/emlib/src/retargetio.o
                0x00000f96                _write
 *fill*         0x00000fb2        0x2 
 .text.USART4_RX_IRQHandler
                0x00000fb4       0x54 ./gecko_sdk_3.2.3/platform/emlib/src/retargetserial.o
                0x00000fb4                USART4_RX_IRQHandler
 .text.RETARGET_SerialCrLf
                0x00001008       0x10 ./gecko_sdk_3.2.3/platform/emlib/src/retargetserial.o
                0x00001008                RETARGET_SerialCrLf
 .text.RETARGET_SerialInit
                0x00001018       0xc4 ./gecko_sdk_3.2.3/platform/emlib/src/retargetserial.o
                0x00001018                RETARGET_SerialInit
 .text.RETARGET_ReadChar
                0x000010dc       0x58 ./gecko_sdk_3.2.3/platform/emlib/src/retargetserial.o
                0x000010dc                RETARGET_ReadChar
 .text.RETARGET_WriteChar
                0x00001134       0x48 ./gecko_sdk_3.2.3/platform/emlib/src/retargetserial.o
                0x00001134                RETARGET_WriteChar
 .text.clear_uart_buffer.part.0
                0x0000117c       0x2c ./main.o
 .text.gen_custom_crc.part.0
                0x000011a8       0x70 ./main.o
 .text.vcom_init
                0x00001218       0x28 ./main.o
                0x00001218                vcom_init
 .text.uart0_init
                0x00001240       0x88 ./main.o
                0x00001240                uart0_init
 .text.usart5_init
                0x000012c8       0x80 ./main.o
                0x000012c8                usart5_init
 .text.SysTick_Handler
                0x00001348       0x10 ./main.o
                0x00001348                SysTick_Handler
 .text.delay    0x00001358       0x14 ./main.o
                0x00001358                delay
 .text.compare_buffers
                0x0000136c       0x68 ./main.o
                0x0000136c                compare_buffers
 .text.parse_float_ascii_value
                0x000013d4       0x2c ./main.o
                0x000013d4                parse_float_ascii_value
 .text.receive_irq_usart5
                0x00001400      0x524 ./main.o
                0x00001400                receive_irq_usart5
 .text.parse_measurement_data
                0x00001924       0xfc ./main.o
                0x00001924                parse_measurement_data
 .text.parse_configuration_data
                0x00001a20      0x118 ./main.o
                0x00001a20                parse_configuration_data
 .text.hmi_string_transmission
                0x00001b38       0x68 ./main.o
                0x00001b38                hmi_string_transmission
 .text.bytes_to_float
                0x00001ba0       0x1e ./main.o
                0x00001ba0                bytes_to_float
 *fill*         0x00001bbe        0x2 
 .text.hmi_float_to_string_converter
                0x00001bc0       0xc0 ./main.o
                0x00001bc0                hmi_float_to_string_converter
 .text.hmi_measurement_dislpaly
                0x00001c80      0x1dc ./main.o
                0x00001c80                hmi_measurement_dislpaly
 .text.state_status_registers_display
                0x00001e5c      0x360 ./main.o
                0x00001e5c                state_status_registers_display
 .text.hmi_configuration_dislpaly
                0x000021bc      0x200 ./main.o
                0x000021bc                hmi_configuration_dislpaly
 .text.clear_uart_buffer
                0x000023bc       0x34 ./main.o
                0x000023bc                clear_uart_buffer
 .text.receive_irq_uart0
                0x000023f0       0x88 ./main.o
                0x000023f0                receive_irq_uart0
 .text.receive_irg_uart0_wait_time
                0x00002478       0x38 ./main.o
                0x00002478                receive_irg_uart0_wait_time
 .text.uart0_transmit
                0x000024b0       0x98 ./main.o
                0x000024b0                uart0_transmit
 .text.receive_config_state
                0x00002548      0x11c ./main.o
                0x00002548                receive_config_state
 .text.UART0_RX_IRQHandler
                0x00002664       0x4c ./main.o
                0x00002664                UART0_RX_IRQHandler
 .text.USART5_RX_IRQHandler
                0x000026b0       0x4c ./main.o
                0x000026b0                USART5_RX_IRQHandler
 .text.gen_custom_crc
                0x000026fc        0x8 ./main.o
                0x000026fc                gen_custom_crc
 .text.uart0_transmit_config
                0x00002704      0x254 ./main.o
                0x00002704                uart0_transmit_config
 .text.startup.main
                0x00002958      0x598 ./main.o
                0x00002958                main
 .text          0x00002ef0      0x378 c:/siliconlabs/simplicitystudio/v5/developer/toolchains/gnu_arm/10.3_2021.10/bin/../lib/gcc/arm-none-eabi/10.3.1/thumb/v7e-m+fp/softfp\libgcc.a(_arm_addsubdf3.o)
                0x00002ef0                __aeabi_drsub
                0x00002ef8                __aeabi_dsub
                0x00002ef8                __subdf3
                0x00002efc                __aeabi_dadd
                0x00002efc                __adddf3
                0x00003174                __floatunsidf
                0x00003174                __aeabi_ui2d
                0x00003194                __floatsidf
                0x00003194                __aeabi_i2d
                0x000031b8                __aeabi_f2d
                0x000031b8                __extendsfdf2
                0x000031fc                __floatundidf
                0x000031fc                __aeabi_ul2d
                0x0000320c                __floatdidf
                0x0000320c                __aeabi_l2d
 .text          0x00003268       0xa0 c:/siliconlabs/simplicitystudio/v5/developer/toolchains/gnu_arm/10.3_2021.10/bin/../lib/gcc/arm-none-eabi/10.3.1/thumb/v7e-m+fp/softfp\libgcc.a(_arm_truncdfsf2.o)
                0x00003268                __truncdfsf2
                0x00003268                __aeabi_d2f
 .text.atof     0x00003308        0x6 c:/siliconlabs/simplicitystudio/v5/developer/toolchains/gnu_arm/10.3_2021.10/bin/../lib/gcc/arm-none-eabi/10.3.1/../../../../arm-none-eabi/lib/thumb/v7e-m+fp/softfp\libc_nano.a(lib_a-atof.o)
                0x00003308                atof
 *fill*         0x0000330e        0x2 
 .text.exit     0x00003310       0x28 c:/siliconlabs/simplicitystudio/v5/developer/toolchains/gnu_arm/10.3_2021.10/bin/../lib/gcc/arm-none-eabi/10.3.1/../../../../arm-none-eabi/lib/thumb/v7e-m+fp/softfp\libc_nano.a(lib_a-exit.o)
                0x00003310                exit
 .text.__libc_init_array
                0x00003338       0x48 c:/siliconlabs/simplicitystudio/v5/developer/toolchains/gnu_arm/10.3_2021.10/bin/../lib/gcc/arm-none-eabi/10.3.1/../../../../arm-none-eabi/lib/thumb/v7e-m+fp/softfp\libc_nano.a(lib_a-init.o)
                0x00003338                __libc_init_array
 .text.memcpy   0x00003380       0x1c c:/siliconlabs/simplicitystudio/v5/developer/toolchains/gnu_arm/10.3_2021.10/bin/../lib/gcc/arm-none-eabi/10.3.1/../../../../arm-none-eabi/lib/thumb/v7e-m+fp/softfp\libc_nano.a(lib_a-memcpy-stub.o)
                0x00003380                memcpy
 .text.memset   0x0000339c       0x10 c:/siliconlabs/simplicitystudio/v5/developer/toolchains/gnu_arm/10.3_2021.10/bin/../lib/gcc/arm-none-eabi/10.3.1/../../../../arm-none-eabi/lib/thumb/v7e-m+fp/softfp\libc_nano.a(lib_a-memset.o)
                0x0000339c                memset
 .text.__cvt    0x000033ac       0xc2 c:/siliconlabs/simplicitystudio/v5/developer/toolchains/gnu_arm/10.3_2021.10/bin/../lib/gcc/arm-none-eabi/10.3.1/../../../../arm-none-eabi/lib/thumb/v7e-m+fp/softfp\libc_nano.a(lib_a-nano-vfprintf_float.o)
                0x000033ac                __cvt
 .text.__exponent
                0x0000346e       0x7c c:/siliconlabs/simplicitystudio/v5/developer/toolchains/gnu_arm/10.3_2021.10/bin/../lib/gcc/arm-none-eabi/10.3.1/../../../../arm-none-eabi/lib/thumb/v7e-m+fp/softfp\libc_nano.a(lib_a-nano-vfprintf_float.o)
                0x0000346e                __exponent
 *fill*         0x000034ea        0x2 
 .text._printf_float
                0x000034ec      0x470 c:/siliconlabs/simplicitystudio/v5/developer/toolchains/gnu_arm/10.3_2021.10/bin/../lib/gcc/arm-none-eabi/10.3.1/../../../../arm-none-eabi/lib/thumb/v7e-m+fp/softfp\libc_nano.a(lib_a-nano-vfprintf_float.o)
                0x000034ec                _printf_float
 .text._printf_common
                0x0000395c       0xda c:/siliconlabs/simplicitystudio/v5/developer/toolchains/gnu_arm/10.3_2021.10/bin/../lib/gcc/arm-none-eabi/10.3.1/../../../../arm-none-eabi/lib/thumb/v7e-m+fp/softfp\libc_nano.a(lib_a-nano-vfprintf_i.o)
                0x0000395c                _printf_common
 *fill*         0x00003a36        0x2 
 .text._printf_i
                0x00003a38      0x24c c:/siliconlabs/simplicitystudio/v5/developer/toolchains/gnu_arm/10.3_2021.10/bin/../lib/gcc/arm-none-eabi/10.3.1/../../../../arm-none-eabi/lib/thumb/v7e-m+fp/softfp\libc_nano.a(lib_a-nano-vfprintf_i.o)
                0x00003a38                _printf_i
 .text.setvbuf  0x00003c84      0x18c c:/siliconlabs/simplicitystudio/v5/developer/toolchains/gnu_arm/10.3_2021.10/bin/../lib/gcc/arm-none-eabi/10.3.1/../../../../arm-none-eabi/lib/thumb/v7e-m+fp/softfp\libc_nano.a(lib_a-setvbuf.o)
                0x00003c84                setvbuf
 .text.sprintf  0x00003e10       0x40 c:/siliconlabs/simplicitystudio/v5/developer/toolchains/gnu_arm/10.3_2021.10/bin/../lib/gcc/arm-none-eabi/10.3.1/../../../../arm-none-eabi/lib/thumb/v7e-m+fp/softfp\libc_nano.a(lib_a-sprintf.o)
                0x00003e10                siprintf
                0x00003e10                sprintf
 .text          0x00003e50       0x10 c:/siliconlabs/simplicitystudio/v5/developer/toolchains/gnu_arm/10.3_2021.10/bin/../lib/gcc/arm-none-eabi/10.3.1/../../../../arm-none-eabi/lib/thumb/v7e-m+fp/softfp\libc_nano.a(lib_a-strlen.o)
                0x00003e50                strlen
 .text.sulp     0x00003e60       0x42 c:/siliconlabs/simplicitystudio/v5/developer/toolchains/gnu_arm/10.3_2021.10/bin/../lib/gcc/arm-none-eabi/10.3.1/../../../../arm-none-eabi/lib/thumb/v7e-m+fp/softfp\libc_nano.a(lib_a-strtod.o)
 *fill*         0x00003ea2        0x6 
 .text._strtod_l
                0x00003ea8      0xbf4 c:/siliconlabs/simplicitystudio/v5/developer/toolchains/gnu_arm/10.3_2021.10/bin/../lib/gcc/arm-none-eabi/10.3.1/../../../../arm-none-eabi/lib/thumb/v7e-m+fp/softfp\libc_nano.a(lib_a-strtod.o)
                0x00003ea8                _strtod_l
 .text.strtod   0x00004a9c       0x18 c:/siliconlabs/simplicitystudio/v5/developer/toolchains/gnu_arm/10.3_2021.10/bin/../lib/gcc/arm-none-eabi/10.3.1/../../../../arm-none-eabi/lib/thumb/v7e-m+fp/softfp\libc_nano.a(lib_a-strtod.o)
                0x00004a9c                strtod
 .text.quorem   0x00004ab4      0x116 c:/siliconlabs/simplicitystudio/v5/developer/toolchains/gnu_arm/10.3_2021.10/bin/../lib/gcc/arm-none-eabi/10.3.1/../../../../arm-none-eabi/lib/thumb/v7e-m+fp/softfp\libc_nano.a(lib_a-dtoa.o)
 *fill*         0x00004bca        0x6 
 .text._dtoa_r  0x00004bd0      0xbdc c:/siliconlabs/simplicitystudio/v5/developer/toolchains/gnu_arm/10.3_2021.10/bin/../lib/gcc/arm-none-eabi/10.3.1/../../../../arm-none-eabi/lib/thumb/v7e-m+fp/softfp\libc_nano.a(lib_a-dtoa.o)
                0x00004bd0                _dtoa_r
 .text.__sflush_r
                0x000057ac      0x10c c:/siliconlabs/simplicitystudio/v5/developer/toolchains/gnu_arm/10.3_2021.10/bin/../lib/gcc/arm-none-eabi/10.3.1/../../../../arm-none-eabi/lib/thumb/v7e-m+fp/softfp\libc_nano.a(lib_a-fflush.o)
                0x000057ac                __sflush_r
 .text._fflush_r
                0x000058b8       0x78 c:/siliconlabs/simplicitystudio/v5/developer/toolchains/gnu_arm/10.3_2021.10/bin/../lib/gcc/arm-none-eabi/10.3.1/../../../../arm-none-eabi/lib/thumb/v7e-m+fp/softfp\libc_nano.a(lib_a-fflush.o)
                0x000058b8                _fflush_r
 .text.std      0x00005930       0x48 c:/siliconlabs/simplicitystudio/v5/developer/toolchains/gnu_arm/10.3_2021.10/bin/../lib/gcc/arm-none-eabi/10.3.1/../../../../arm-none-eabi/lib/thumb/v7e-m+fp/softfp\libc_nano.a(lib_a-findfp.o)
 .text._cleanup_r
                0x00005978        0xc c:/siliconlabs/simplicitystudio/v5/developer/toolchains/gnu_arm/10.3_2021.10/bin/../lib/gcc/arm-none-eabi/10.3.1/../../../../arm-none-eabi/lib/thumb/v7e-m+fp/softfp\libc_nano.a(lib_a-findfp.o)
                0x00005978                _cleanup_r
 .text.__sfmoreglue
                0x00005984       0x2c c:/siliconlabs/simplicitystudio/v5/developer/toolchains/gnu_arm/10.3_2021.10/bin/../lib/gcc/arm-none-eabi/10.3.1/../../../../arm-none-eabi/lib/thumb/v7e-m+fp/softfp\libc_nano.a(lib_a-findfp.o)
                0x00005984                __sfmoreglue
 .text.__sfp_lock_acquire
                0x000059b0        0xc c:/siliconlabs/simplicitystudio/v5/developer/toolchains/gnu_arm/10.3_2021.10/bin/../lib/gcc/arm-none-eabi/10.3.1/../../../../arm-none-eabi/lib/thumb/v7e-m+fp/softfp\libc_nano.a(lib_a-findfp.o)
                0x000059b0                __sfp_lock_acquire
 .text.__sfp_lock_release
                0x000059bc        0xc c:/siliconlabs/simplicitystudio/v5/developer/toolchains/gnu_arm/10.3_2021.10/bin/../lib/gcc/arm-none-eabi/10.3.1/../../../../arm-none-eabi/lib/thumb/v7e-m+fp/softfp\libc_nano.a(lib_a-findfp.o)
                0x000059bc                __sfp_lock_release
 .text.__sinit_lock_acquire
                0x000059c8        0xc c:/siliconlabs/simplicitystudio/v5/developer/toolchains/gnu_arm/10.3_2021.10/bin/../lib/gcc/arm-none-eabi/10.3.1/../../../../arm-none-eabi/lib/thumb/v7e-m+fp/softfp\libc_nano.a(lib_a-findfp.o)
                0x000059c8                __sinit_lock_acquire
 .text.__sinit_lock_release
                0x000059d4        0xc c:/siliconlabs/simplicitystudio/v5/developer/toolchains/gnu_arm/10.3_2021.10/bin/../lib/gcc/arm-none-eabi/10.3.1/../../../../arm-none-eabi/lib/thumb/v7e-m+fp/softfp\libc_nano.a(lib_a-findfp.o)
                0x000059d4                __sinit_lock_release
 .text.__sinit  0x000059e0       0x70 c:/siliconlabs/simplicitystudio/v5/developer/toolchains/gnu_arm/10.3_2021.10/bin/../lib/gcc/arm-none-eabi/10.3.1/../../../../arm-none-eabi/lib/thumb/v7e-m+fp/softfp\libc_nano.a(lib_a-findfp.o)
                0x000059e0                __sinit
 .text.__sfp    0x00005a50       0x8c c:/siliconlabs/simplicitystudio/v5/developer/toolchains/gnu_arm/10.3_2021.10/bin/../lib/gcc/arm-none-eabi/10.3.1/../../../../arm-none-eabi/lib/thumb/v7e-m+fp/softfp\libc_nano.a(lib_a-findfp.o)
                0x00005a50                __sfp
 .text._fwalk_reent
                0x00005adc       0x3e c:/siliconlabs/simplicitystudio/v5/developer/toolchains/gnu_arm/10.3_2021.10/bin/../lib/gcc/arm-none-eabi/10.3.1/../../../../arm-none-eabi/lib/thumb/v7e-m+fp/softfp\libc_nano.a(lib_a-fwalk.o)
                0x00005adc                _fwalk_reent
 .text.rshift   0x00005b1a       0xa4 c:/siliconlabs/simplicitystudio/v5/developer/toolchains/gnu_arm/10.3_2021.10/bin/../lib/gcc/arm-none-eabi/10.3.1/../../../../arm-none-eabi/lib/thumb/v7e-m+fp/softfp\libc_nano.a(lib_a-gdtoa-gethex.o)
 .text.__hexdig_fun
                0x00005bbe       0x2a c:/siliconlabs/simplicitystudio/v5/developer/toolchains/gnu_arm/10.3_2021.10/bin/../lib/gcc/arm-none-eabi/10.3.1/../../../../arm-none-eabi/lib/thumb/v7e-m+fp/softfp\libc_nano.a(lib_a-gdtoa-gethex.o)
                0x00005bbe                __hexdig_fun
 .text.__gethex
                0x00005be8      0x48c c:/siliconlabs/simplicitystudio/v5/developer/toolchains/gnu_arm/10.3_2021.10/bin/../lib/gcc/arm-none-eabi/10.3.1/../../../../arm-none-eabi/lib/thumb/v7e-m+fp/softfp\libc_nano.a(lib_a-gdtoa-gethex.o)
                0x00005be8                __gethex
 .text.L_shift  0x00006074       0x24 c:/siliconlabs/simplicitystudio/v5/developer/toolchains/gnu_arm/10.3_2021.10/bin/../lib/gcc/arm-none-eabi/10.3.1/../../../../arm-none-eabi/lib/thumb/v7e-m+fp/softfp\libc_nano.a(lib_a-gdtoa-hexnan.o)
 .text.__match  0x00006098       0x28 c:/siliconlabs/simplicitystudio/v5/developer/toolchains/gnu_arm/10.3_2021.10/bin/../lib/gcc/arm-none-eabi/10.3.1/../../../../arm-none-eabi/lib/thumb/v7e-m+fp/softfp\libc_nano.a(lib_a-gdtoa-hexnan.o)
                0x00006098                __match
 .text.__hexnan
                0x000060c0      0x138 c:/siliconlabs/simplicitystudio/v5/developer/toolchains/gnu_arm/10.3_2021.10/bin/../lib/gcc/arm-none-eabi/10.3.1/../../../../arm-none-eabi/lib/thumb/v7e-m+fp/softfp\libc_nano.a(lib_a-gdtoa-hexnan.o)
                0x000060c0                __hexnan
 .text._localeconv_r
                0x000061f8        0x8 c:/siliconlabs/simplicitystudio/v5/developer/toolchains/gnu_arm/10.3_2021.10/bin/../lib/gcc/arm-none-eabi/10.3.1/../../../../arm-none-eabi/lib/thumb/v7e-m+fp/softfp\libc_nano.a(lib_a-localeconv.o)
                0x000061f8                _localeconv_r
 .text.__retarget_lock_init_recursive
                0x00006200        0x2 c:/siliconlabs/simplicitystudio/v5/developer/toolchains/gnu_arm/10.3_2021.10/bin/../lib/gcc/arm-none-eabi/10.3.1/../../../../arm-none-eabi/lib/thumb/v7e-m+fp/softfp\libc_nano.a(lib_a-lock.o)
                0x00006200                __retarget_lock_init_recursive
 .text.__retarget_lock_acquire_recursive
                0x00006202        0x2 c:/siliconlabs/simplicitystudio/v5/developer/toolchains/gnu_arm/10.3_2021.10/bin/../lib/gcc/arm-none-eabi/10.3.1/../../../../arm-none-eabi/lib/thumb/v7e-m+fp/softfp\libc_nano.a(lib_a-lock.o)
                0x00006202                __retarget_lock_acquire_recursive
 .text.__retarget_lock_release_recursive
                0x00006204        0x2 c:/siliconlabs/simplicitystudio/v5/developer/toolchains/gnu_arm/10.3_2021.10/bin/../lib/gcc/arm-none-eabi/10.3.1/../../../../arm-none-eabi/lib/thumb/v7e-m+fp/softfp\libc_nano.a(lib_a-lock.o)
                0x00006204                __retarget_lock_release_recursive
 .text.__swhatbuf_r
                0x00006206       0x4a c:/siliconlabs/simplicitystudio/v5/developer/toolchains/gnu_arm/10.3_2021.10/bin/../lib/gcc/arm-none-eabi/10.3.1/../../../../arm-none-eabi/lib/thumb/v7e-m+fp/softfp\libc_nano.a(lib_a-makebuf.o)
                0x00006206                __swhatbuf_r
 .text.__smakebuf_r
                0x00006250       0x80 c:/siliconlabs/simplicitystudio/v5/developer/toolchains/gnu_arm/10.3_2021.10/bin/../lib/gcc/arm-none-eabi/10.3.1/../../../../arm-none-eabi/lib/thumb/v7e-m+fp/softfp\libc_nano.a(lib_a-makebuf.o)
                0x00006250                __smakebuf_r
 .text.malloc   0x000062d0       0x10 c:/siliconlabs/simplicitystudio/v5/developer/toolchains/gnu_arm/10.3_2021.10/bin/../lib/gcc/arm-none-eabi/10.3.1/../../../../arm-none-eabi/lib/thumb/v7e-m+fp/softfp\libc_nano.a(lib_a-malloc.o)
                0x000062d0                malloc
 .text.__ascii_mbtowc
                0x000062e0       0x24 c:/siliconlabs/simplicitystudio/v5/developer/toolchains/gnu_arm/10.3_2021.10/bin/../lib/gcc/arm-none-eabi/10.3.1/../../../../arm-none-eabi/lib/thumb/v7e-m+fp/softfp\libc_nano.a(lib_a-mbtowc_r.o)
                0x000062e0                __ascii_mbtowc
 *fill*         0x00006304        0xc 
 .text          0x00006310       0xa0 c:/siliconlabs/simplicitystudio/v5/developer/toolchains/gnu_arm/10.3_2021.10/bin/../lib/gcc/arm-none-eabi/10.3.1/../../../../arm-none-eabi/lib/thumb/v7e-m+fp/softfp\libc_nano.a(lib_a-memchr.o)
                0x00006310                memchr
 .text._Balloc  0x000063b0       0x80 c:/siliconlabs/simplicitystudio/v5/developer/toolchains/gnu_arm/10.3_2021.10/bin/../lib/gcc/arm-none-eabi/10.3.1/../../../../arm-none-eabi/lib/thumb/v7e-m+fp/softfp\libc_nano.a(lib_a-mprec.o)
                0x000063b0                _Balloc
 .text._Bfree   0x00006430       0x44 c:/siliconlabs/simplicitystudio/v5/developer/toolchains/gnu_arm/10.3_2021.10/bin/../lib/gcc/arm-none-eabi/10.3.1/../../../../arm-none-eabi/lib/thumb/v7e-m+fp/softfp\libc_nano.a(lib_a-mprec.o)
                0x00006430                _Bfree
 .text.__multadd
                0x00006474       0x8c c:/siliconlabs/simplicitystudio/v5/developer/toolchains/gnu_arm/10.3_2021.10/bin/../lib/gcc/arm-none-eabi/10.3.1/../../../../arm-none-eabi/lib/thumb/v7e-m+fp/softfp\libc_nano.a(lib_a-mprec.o)
                0x00006474                __multadd
 .text.__s2b    0x00006500       0x94 c:/siliconlabs/simplicitystudio/v5/developer/toolchains/gnu_arm/10.3_2021.10/bin/../lib/gcc/arm-none-eabi/10.3.1/../../../../arm-none-eabi/lib/thumb/v7e-m+fp/softfp\libc_nano.a(lib_a-mprec.o)
                0x00006500                __s2b
 .text.__hi0bits
                0x00006594       0x40 c:/siliconlabs/simplicitystudio/v5/developer/toolchains/gnu_arm/10.3_2021.10/bin/../lib/gcc/arm-none-eabi/10.3.1/../../../../arm-none-eabi/lib/thumb/v7e-m+fp/softfp\libc_nano.a(lib_a-mprec.o)
                0x00006594                __hi0bits
 .text.__lo0bits
                0x000065d4       0x5e c:/siliconlabs/simplicitystudio/v5/developer/toolchains/gnu_arm/10.3_2021.10/bin/../lib/gcc/arm-none-eabi/10.3.1/../../../../arm-none-eabi/lib/thumb/v7e-m+fp/softfp\libc_nano.a(lib_a-mprec.o)
                0x000065d4                __lo0bits
 *fill*         0x00006632        0x2 
 .text.__i2b    0x00006634       0x2c c:/siliconlabs/simplicitystudio/v5/developer/toolchains/gnu_arm/10.3_2021.10/bin/../lib/gcc/arm-none-eabi/10.3.1/../../../../arm-none-eabi/lib/thumb/v7e-m+fp/softfp\libc_nano.a(lib_a-mprec.o)
                0x00006634                __i2b
 .text.__multiply
                0x00006660      0x154 c:/siliconlabs/simplicitystudio/v5/developer/toolchains/gnu_arm/10.3_2021.10/bin/../lib/gcc/arm-none-eabi/10.3.1/../../../../arm-none-eabi/lib/thumb/v7e-m+fp/softfp\libc_nano.a(lib_a-mprec.o)
                0x00006660                __multiply
 .text.__pow5mult
                0x000067b4       0xb4 c:/siliconlabs/simplicitystudio/v5/developer/toolchains/gnu_arm/10.3_2021.10/bin/../lib/gcc/arm-none-eabi/10.3.1/../../../../arm-none-eabi/lib/thumb/v7e-m+fp/softfp\libc_nano.a(lib_a-mprec.o)
                0x000067b4                __pow5mult
 .text.__lshift
                0x00006868       0xe0 c:/siliconlabs/simplicitystudio/v5/developer/toolchains/gnu_arm/10.3_2021.10/bin/../lib/gcc/arm-none-eabi/10.3.1/../../../../arm-none-eabi/lib/thumb/v7e-m+fp/softfp\libc_nano.a(lib_a-mprec.o)
                0x00006868                __lshift
 .text.__mcmp   0x00006948       0x38 c:/siliconlabs/simplicitystudio/v5/developer/toolchains/gnu_arm/10.3_2021.10/bin/../lib/gcc/arm-none-eabi/10.3.1/../../../../arm-none-eabi/lib/thumb/v7e-m+fp/softfp\libc_nano.a(lib_a-mprec.o)
                0x00006948                __mcmp
 .text.__mdiff  0x00006980      0x114 c:/siliconlabs/simplicitystudio/v5/developer/toolchains/gnu_arm/10.3_2021.10/bin/../lib/gcc/arm-none-eabi/10.3.1/../../../../arm-none-eabi/lib/thumb/v7e-m+fp/softfp\libc_nano.a(lib_a-mprec.o)
                0x00006980                __mdiff
 .text.__ulp    0x00006a94       0x4c c:/siliconlabs/simplicitystudio/v5/developer/toolchains/gnu_arm/10.3_2021.10/bin/../lib/gcc/arm-none-eabi/10.3.1/../../../../arm-none-eabi/lib/thumb/v7e-m+fp/softfp\libc_nano.a(lib_a-mprec.o)
                0x00006a94                __ulp
 .text.__b2d    0x00006ae0       0xa8 c:/siliconlabs/simplicitystudio/v5/developer/toolchains/gnu_arm/10.3_2021.10/bin/../lib/gcc/arm-none-eabi/10.3.1/../../../../arm-none-eabi/lib/thumb/v7e-m+fp/softfp\libc_nano.a(lib_a-mprec.o)
                0x00006ae0                __b2d
 .text.__d2b    0x00006b88       0xb4 c:/siliconlabs/simplicitystudio/v5/developer/toolchains/gnu_arm/10.3_2021.10/bin/../lib/gcc/arm-none-eabi/10.3.1/../../../../arm-none-eabi/lib/thumb/v7e-m+fp/softfp\libc_nano.a(lib_a-mprec.o)
                0x00006b88                __d2b
 .text.__ratio  0x00006c3c       0x5c c:/siliconlabs/simplicitystudio/v5/developer/toolchains/gnu_arm/10.3_2021.10/bin/../lib/gcc/arm-none-eabi/10.3.1/../../../../arm-none-eabi/lib/thumb/v7e-m+fp/softfp\libc_nano.a(lib_a-mprec.o)
                0x00006c3c                __ratio
 .text.__copybits
                0x00006c98       0x46 c:/siliconlabs/simplicitystudio/v5/developer/toolchains/gnu_arm/10.3_2021.10/bin/../lib/gcc/arm-none-eabi/10.3.1/../../../../arm-none-eabi/lib/thumb/v7e-m+fp/softfp\libc_nano.a(lib_a-mprec.o)
                0x00006c98                __copybits
 .text.__any_on
                0x00006cde       0x42 c:/siliconlabs/simplicitystudio/v5/developer/toolchains/gnu_arm/10.3_2021.10/bin/../lib/gcc/arm-none-eabi/10.3.1/../../../../arm-none-eabi/lib/thumb/v7e-m+fp/softfp\libc_nano.a(lib_a-mprec.o)
                0x00006cde                __any_on
 .text._calloc_r
                0x00006d20       0x2c c:/siliconlabs/simplicitystudio/v5/developer/toolchains/gnu_arm/10.3_2021.10/bin/../lib/gcc/arm-none-eabi/10.3.1/../../../../arm-none-eabi/lib/thumb/v7e-m+fp/softfp\libc_nano.a(lib_a-nano-callocr.o)
                0x00006d20                _calloc_r
 .text._free_r  0x00006d4c       0x98 c:/siliconlabs/simplicitystudio/v5/developer/toolchains/gnu_arm/10.3_2021.10/bin/../lib/gcc/arm-none-eabi/10.3.1/../../../../arm-none-eabi/lib/thumb/v7e-m+fp/softfp\libc_nano.a(lib_a-nano-freer.o)
                0x00006d4c                _free_r
 .text.sbrk_aligned
                0x00006de4       0x40 c:/siliconlabs/simplicitystudio/v5/developer/toolchains/gnu_arm/10.3_2021.10/bin/../lib/gcc/arm-none-eabi/10.3.1/../../../../arm-none-eabi/lib/thumb/v7e-m+fp/softfp\libc_nano.a(lib_a-nano-mallocr.o)
 .text._malloc_r
                0x00006e24       0xe8 c:/siliconlabs/simplicitystudio/v5/developer/toolchains/gnu_arm/10.3_2021.10/bin/../lib/gcc/arm-none-eabi/10.3.1/../../../../arm-none-eabi/lib/thumb/v7e-m+fp/softfp\libc_nano.a(lib_a-nano-mallocr.o)
                0x00006e24                _malloc_r
 .text.__ssputs_r
                0x00006f0c       0xb6 c:/siliconlabs/simplicitystudio/v5/developer/toolchains/gnu_arm/10.3_2021.10/bin/../lib/gcc/arm-none-eabi/10.3.1/../../../../arm-none-eabi/lib/thumb/v7e-m+fp/softfp\libc_nano.a(lib_a-nano-svfprintf.o)
                0x00006f0c                __ssputs_r
 *fill*         0x00006fc2        0x2 
 .text._svfprintf_r
                0x00006fc4      0x200 c:/siliconlabs/simplicitystudio/v5/developer/toolchains/gnu_arm/10.3_2021.10/bin/../lib/gcc/arm-none-eabi/10.3.1/../../../../arm-none-eabi/lib/thumb/v7e-m+fp/softfp\libc_nano.a(lib_a-nano-svfprintf.o)
                0x00006fc4                _svfiprintf_r
                0x00006fc4                _svfprintf_r
 .text.nan      0x000071c4        0xc c:/siliconlabs/simplicitystudio/v5/developer/toolchains/gnu_arm/10.3_2021.10/bin/../lib/gcc/arm-none-eabi/10.3.1/../../../../arm-none-eabi/lib/thumb/v7e-m+fp/softfp\libc_nano.a(lib_a-s_nan.o)
                0x000071c4                nan
 .text._sbrk_r  0x000071d0       0x20 c:/siliconlabs/simplicitystudio/v5/developer/toolchains/gnu_arm/10.3_2021.10/bin/../lib/gcc/arm-none-eabi/10.3.1/../../../../arm-none-eabi/lib/thumb/v7e-m+fp/softfp\libc_nano.a(lib_a-sbrkr.o)
                0x000071d0                _sbrk_r
 .text.__sread  0x000071f0       0x22 c:/siliconlabs/simplicitystudio/v5/developer/toolchains/gnu_arm/10.3_2021.10/bin/../lib/gcc/arm-none-eabi/10.3.1/../../../../arm-none-eabi/lib/thumb/v7e-m+fp/softfp\libc_nano.a(lib_a-stdio.o)
                0x000071f0                __sread
 .text.__swrite
                0x00007212       0x38 c:/siliconlabs/simplicitystudio/v5/developer/toolchains/gnu_arm/10.3_2021.10/bin/../lib/gcc/arm-none-eabi/10.3.1/../../../../arm-none-eabi/lib/thumb/v7e-m+fp/softfp\libc_nano.a(lib_a-stdio.o)
                0x00007212                __swrite
 .text.__sseek  0x0000724a       0x24 c:/siliconlabs/simplicitystudio/v5/developer/toolchains/gnu_arm/10.3_2021.10/bin/../lib/gcc/arm-none-eabi/10.3.1/../../../../arm-none-eabi/lib/thumb/v7e-m+fp/softfp\libc_nano.a(lib_a-stdio.o)
                0x0000724a                __sseek
 .text.__sclose
                0x0000726e        0x8 c:/siliconlabs/simplicitystudio/v5/developer/toolchains/gnu_arm/10.3_2021.10/bin/../lib/gcc/arm-none-eabi/10.3.1/../../../../arm-none-eabi/lib/thumb/v7e-m+fp/softfp\libc_nano.a(lib_a-stdio.o)
                0x0000726e                __sclose
 .text.strncmp  0x00007276       0x28 c:/siliconlabs/simplicitystudio/v5/developer/toolchains/gnu_arm/10.3_2021.10/bin/../lib/gcc/arm-none-eabi/10.3.1/../../../../arm-none-eabi/lib/thumb/v7e-m+fp/softfp\libc_nano.a(lib_a-strncmp.o)
                0x00007276                strncmp
 .text.__ascii_wctomb
                0x0000729e       0x1a c:/siliconlabs/simplicitystudio/v5/developer/toolchains/gnu_arm/10.3_2021.10/bin/../lib/gcc/arm-none-eabi/10.3.1/../../../../arm-none-eabi/lib/thumb/v7e-m+fp/softfp\libc_nano.a(lib_a-wctomb_r.o)
                0x0000729e                __ascii_wctomb
 .text._write_r
                0x000072b8       0x24 c:/siliconlabs/simplicitystudio/v5/developer/toolchains/gnu_arm/10.3_2021.10/bin/../lib/gcc/arm-none-eabi/10.3.1/../../../../arm-none-eabi/lib/thumb/v7e-m+fp/softfp\libc_nano.a(lib_a-writer.o)
                0x000072b8                _write_r
 .text.__assert_func
                0x000072dc       0x3c c:/siliconlabs/simplicitystudio/v5/developer/toolchains/gnu_arm/10.3_2021.10/bin/../lib/gcc/arm-none-eabi/10.3.1/../../../../arm-none-eabi/lib/thumb/v7e-m+fp/softfp\libc_nano.a(lib_a-assert.o)
                0x000072dc                __assert_func
 .text._close_r
                0x00007318       0x20 c:/siliconlabs/simplicitystudio/v5/developer/toolchains/gnu_arm/10.3_2021.10/bin/../lib/gcc/arm-none-eabi/10.3.1/../../../../arm-none-eabi/lib/thumb/v7e-m+fp/softfp\libc_nano.a(lib_a-closer.o)
                0x00007318                _close_r
 .text.fprintf  0x00007338       0x24 c:/siliconlabs/simplicitystudio/v5/developer/toolchains/gnu_arm/10.3_2021.10/bin/../lib/gcc/arm-none-eabi/10.3.1/../../../../arm-none-eabi/lib/thumb/v7e-m+fp/softfp\libc_nano.a(lib_a-fprintf.o)
                0x00007338                fiprintf
                0x00007338                fprintf
 .text._fstat_r
                0x0000735c       0x24 c:/siliconlabs/simplicitystudio/v5/developer/toolchains/gnu_arm/10.3_2021.10/bin/../lib/gcc/arm-none-eabi/10.3.1/../../../../arm-none-eabi/lib/thumb/v7e-m+fp/softfp\libc_nano.a(lib_a-fstatr.o)
                0x0000735c                _fstat_r
 .text._isatty_r
                0x00007380       0x20 c:/siliconlabs/simplicitystudio/v5/developer/toolchains/gnu_arm/10.3_2021.10/bin/../lib/gcc/arm-none-eabi/10.3.1/../../../../arm-none-eabi/lib/thumb/v7e-m+fp/softfp\libc_nano.a(lib_a-isattyr.o)
                0x00007380                _isatty_r
 .text._lseek_r
                0x000073a0       0x24 c:/siliconlabs/simplicitystudio/v5/developer/toolchains/gnu_arm/10.3_2021.10/bin/../lib/gcc/arm-none-eabi/10.3.1/../../../../arm-none-eabi/lib/thumb/v7e-m+fp/softfp\libc_nano.a(lib_a-lseekr.o)
                0x000073a0                _lseek_r
 .text.memmove  0x000073c4       0x34 c:/siliconlabs/simplicitystudio/v5/developer/toolchains/gnu_arm/10.3_2021.10/bin/../lib/gcc/arm-none-eabi/10.3.1/../../../../arm-none-eabi/lib/thumb/v7e-m+fp/softfp\libc_nano.a(lib_a-memmove.o)
                0x000073c4                memmove
 .text.__malloc_lock
                0x000073f8        0xc c:/siliconlabs/simplicitystudio/v5/developer/toolchains/gnu_arm/10.3_2021.10/bin/../lib/gcc/arm-none-eabi/10.3.1/../../../../arm-none-eabi/lib/thumb/v7e-m+fp/softfp\libc_nano.a(lib_a-mlock.o)
                0x000073f8                __malloc_lock
 .text.__malloc_unlock
                0x00007404        0xc c:/siliconlabs/simplicitystudio/v5/developer/toolchains/gnu_arm/10.3_2021.10/bin/../lib/gcc/arm-none-eabi/10.3.1/../../../../arm-none-eabi/lib/thumb/v7e-m+fp/softfp\libc_nano.a(lib_a-mlock.o)
                0x00007404                __malloc_unlock
 .text._realloc_r
                0x00007410       0x5e c:/siliconlabs/simplicitystudio/v5/developer/toolchains/gnu_arm/10.3_2021.10/bin/../lib/gcc/arm-none-eabi/10.3.1/../../../../arm-none-eabi/lib/thumb/v7e-m+fp/softfp\libc_nano.a(lib_a-nano-reallocr.o)
                0x00007410                _realloc_r
 .text.__sfputc_r
                0x0000746e       0x2e c:/siliconlabs/simplicitystudio/v5/developer/toolchains/gnu_arm/10.3_2021.10/bin/../lib/gcc/arm-none-eabi/10.3.1/../../../../arm-none-eabi/lib/thumb/v7e-m+fp/softfp\libc_nano.a(lib_a-nano-vfprintf.o)
 .text.__sfputs_r
                0x0000749c       0x24 c:/siliconlabs/simplicitystudio/v5/developer/toolchains/gnu_arm/10.3_2021.10/bin/../lib/gcc/arm-none-eabi/10.3.1/../../../../arm-none-eabi/lib/thumb/v7e-m+fp/softfp\libc_nano.a(lib_a-nano-vfprintf.o)
                0x0000749c                __sfputs_r
 .text._vfprintf_r
                0x000074c0      0x260 c:/siliconlabs/simplicitystudio/v5/developer/toolchains/gnu_arm/10.3_2021.10/bin/../lib/gcc/arm-none-eabi/10.3.1/../../../../arm-none-eabi/lib/thumb/v7e-m+fp/softfp\libc_nano.a(lib_a-nano-vfprintf.o)
                0x000074c0                _vfprintf_r
                0x000074c0                _vfiprintf_r
 .text._read_r  0x00007720       0x24 c:/siliconlabs/simplicitystudio/v5/developer/toolchains/gnu_arm/10.3_2021.10/bin/../lib/gcc/arm-none-eabi/10.3.1/../../../../arm-none-eabi/lib/thumb/v7e-m+fp/softfp\libc_nano.a(lib_a-readr.o)
                0x00007720                _read_r
 .text.__swbuf_r
                0x00007744       0xa4 c:/siliconlabs/simplicitystudio/v5/developer/toolchains/gnu_arm/10.3_2021.10/bin/../lib/gcc/arm-none-eabi/10.3.1/../../../../arm-none-eabi/lib/thumb/v7e-m+fp/softfp\libc_nano.a(lib_a-wbuf.o)
                0x00007744                __swbuf_r
 .text.__swsetup_r
                0x000077e8       0xdc c:/siliconlabs/simplicitystudio/v5/developer/toolchains/gnu_arm/10.3_2021.10/bin/../lib/gcc/arm-none-eabi/10.3.1/../../../../arm-none-eabi/lib/thumb/v7e-m+fp/softfp\libc_nano.a(lib_a-wsetup.o)
                0x000077e8                __swsetup_r
 .text.abort    0x000078c4        0xe c:/siliconlabs/simplicitystudio/v5/developer/toolchains/gnu_arm/10.3_2021.10/bin/../lib/gcc/arm-none-eabi/10.3.1/../../../../arm-none-eabi/lib/thumb/v7e-m+fp/softfp\libc_nano.a(lib_a-abort.o)
                0x000078c4                abort
 .text._malloc_usable_size_r
                0x000078d2       0x10 c:/siliconlabs/simplicitystudio/v5/developer/toolchains/gnu_arm/10.3_2021.10/bin/../lib/gcc/arm-none-eabi/10.3.1/../../../../arm-none-eabi/lib/thumb/v7e-m+fp/softfp\libc_nano.a(lib_a-nano-msizer.o)
                0x000078d2                _malloc_usable_size_r
 .text._raise_r
                0x000078e2       0x50 c:/siliconlabs/simplicitystudio/v5/developer/toolchains/gnu_arm/10.3_2021.10/bin/../lib/gcc/arm-none-eabi/10.3.1/../../../../arm-none-eabi/lib/thumb/v7e-m+fp/softfp\libc_nano.a(lib_a-signal.o)
                0x000078e2                _raise_r
 *fill*         0x00007932        0x2 
 .text.raise    0x00007934       0x10 c:/siliconlabs/simplicitystudio/v5/developer/toolchains/gnu_arm/10.3_2021.10/bin/../lib/gcc/arm-none-eabi/10.3.1/../../../../arm-none-eabi/lib/thumb/v7e-m+fp/softfp\libc_nano.a(lib_a-signal.o)
                0x00007934                raise
 .text._kill_r  0x00007944       0x24 c:/siliconlabs/simplicitystudio/v5/developer/toolchains/gnu_arm/10.3_2021.10/bin/../lib/gcc/arm-none-eabi/10.3.1/../../../../arm-none-eabi/lib/thumb/v7e-m+fp/softfp\libc_nano.a(lib_a-signalr.o)
                0x00007944                _kill_r
 .text._getpid_r
                0x00007968        0x4 c:/siliconlabs/simplicitystudio/v5/developer/toolchains/gnu_arm/10.3_2021.10/bin/../lib/gcc/arm-none-eabi/10.3.1/../../../../arm-none-eabi/lib/thumb/v7e-m+fp/softfp\libc_nano.a(lib_a-signalr.o)
                0x00007968                _getpid_r
 .text          0x0000796c      0x424 c:/siliconlabs/simplicitystudio/v5/developer/toolchains/gnu_arm/10.3_2021.10/bin/../lib/gcc/arm-none-eabi/10.3.1/thumb/v7e-m+fp/softfp\libgcc.a(_arm_muldivdf3.o)
                0x0000796c                __aeabi_dmul
                0x0000796c                __muldf3
                0x00007bc0                __divdf3
                0x00007bc0                __aeabi_ddiv
 .text          0x00007d90      0x110 c:/siliconlabs/simplicitystudio/v5/developer/toolchains/gnu_arm/10.3_2021.10/bin/../lib/gcc/arm-none-eabi/10.3.1/thumb/v7e-m+fp/softfp\libgcc.a(_arm_cmpdf2.o)
                0x00007d90                __gtdf2
                0x00007d90                __gedf2
                0x00007d98                __ltdf2
                0x00007d98                __ledf2
                0x00007da0                __nedf2
                0x00007da0                __eqdf2
                0x00007da0                __cmpdf2
                0x00007e1c                __aeabi_cdrcmple
                0x00007e2c                __aeabi_cdcmpeq
                0x00007e2c                __aeabi_cdcmple
                0x00007e3c                __aeabi_dcmpeq
                0x00007e50                __aeabi_dcmplt
                0x00007e64                __aeabi_dcmple
                0x00007e78                __aeabi_dcmpge
                0x00007e8c                __aeabi_dcmpgt
 .text          0x00007ea0       0x2c c:/siliconlabs/simplicitystudio/v5/developer/toolchains/gnu_arm/10.3_2021.10/bin/../lib/gcc/arm-none-eabi/10.3.1/thumb/v7e-m+fp/softfp\libgcc.a(_arm_unorddf2.o)
                0x00007ea0                __unorddf2
                0x00007ea0                __aeabi_dcmpun
 .text          0x00007ecc       0x50 c:/siliconlabs/simplicitystudio/v5/developer/toolchains/gnu_arm/10.3_2021.10/bin/../lib/gcc/arm-none-eabi/10.3.1/thumb/v7e-m+fp/softfp\libgcc.a(_arm_fixdfsi.o)
                0x00007ecc                __aeabi_d2iz
                0x00007ecc                __fixdfsi
 .text          0x00007f1c       0x40 c:/siliconlabs/simplicitystudio/v5/developer/toolchains/gnu_arm/10.3_2021.10/bin/../lib/gcc/arm-none-eabi/10.3.1/thumb/v7e-m+fp/softfp\libgcc.a(_arm_fixunsdfsi.o)
                0x00007f1c                __aeabi_d2uiz
                0x00007f1c                __fixunsdfsi
 .text          0x00007f5c       0x30 c:/siliconlabs/simplicitystudio/v5/developer/toolchains/gnu_arm/10.3_2021.10/bin/../lib/gcc/arm-none-eabi/10.3.1/thumb/v7e-m+fp/softfp\libgcc.a(_fixdfdi.o)
                0x00007f5c                __fixdfdi
                0x00007f5c                __aeabi_d2lz
 .text          0x00007f8c       0x3c c:/siliconlabs/simplicitystudio/v5/developer/toolchains/gnu_arm/10.3_2021.10/bin/../lib/gcc/arm-none-eabi/10.3.1/thumb/v7e-m+fp/softfp\libgcc.a(_fixunsdfdi.o)
                0x00007f8c                __fixunsdfdi
                0x00007f8c                __aeabi_d2ulz
                0x00007fc8                linker_code_end = .
 *(.init)
 .init          0x00007fc8        0x4 c:/siliconlabs/simplicitystudio/v5/developer/toolchains/gnu_arm/10.3_2021.10/bin/../lib/gcc/arm-none-eabi/10.3.1/thumb/v7e-m+fp/softfp/crti.o
                0x00007fc8                _init
 .init          0x00007fcc        0x8 c:/siliconlabs/simplicitystudio/v5/developer/toolchains/gnu_arm/10.3_2021.10/bin/../lib/gcc/arm-none-eabi/10.3.1/thumb/v7e-m+fp/softfp/crtn.o
 *(.fini)
 .fini          0x00007fd4        0x4 c:/siliconlabs/simplicitystudio/v5/developer/toolchains/gnu_arm/10.3_2021.10/bin/../lib/gcc/arm-none-eabi/10.3.1/thumb/v7e-m+fp/softfp/crti.o
                0x00007fd4                _fini
 .fini          0x00007fd8        0x8 c:/siliconlabs/simplicitystudio/v5/developer/toolchains/gnu_arm/10.3_2021.10/bin/../lib/gcc/arm-none-eabi/10.3.1/thumb/v7e-m+fp/softfp/crtn.o
 *crtbegin.o(.ctors)
 *crtbegin?.o(.ctors)
 *(EXCLUDE_FILE(*crtend.o *crtend?.o) .ctors)
 *(SORT_BY_NAME(.ctors.*))
 *(.ctors)
 *crtbegin.o(.dtors)
 *crtbegin?.o(.dtors)
 *(EXCLUDE_FILE(*crtend.o *crtend?.o) .dtors)
 *(SORT_BY_NAME(.dtors.*))
 *(.dtors)
 *(.rodata*)
 .rodata.CSWTCH.4
                0x00007fe0       0x20 ./gecko_sdk_3.2.3/platform/Device/SiliconLabs/EFM32GG11B/Source/system_efm32gg11b.o
 .rodata.flashWaitStateControl.str1.1
                0x00008000       0x63 ./gecko_sdk_3.2.3/platform/emlib/src/em_cmu.o
 .rodata.SL_Log2ToDiv.str1.1
                0x00008063       0x66 ./gecko_sdk_3.2.3/platform/emlib/src/em_cmu.o
 .rodata.CSWTCH.55
                0x000080c9        0x6 ./gecko_sdk_3.2.3/platform/emlib/src/em_cmu.o
 .rodata.CSWTCH.56
                0x000080cf        0x4 ./gecko_sdk_3.2.3/platform/emlib/src/em_cmu.o
 .rodata.CSWTCH.57
                0x000080d3        0x4 ./gecko_sdk_3.2.3/platform/emlib/src/em_cmu.o
 .rodata.CSWTCH.60
                0x000080d7        0x6 ./gecko_sdk_3.2.3/platform/emlib/src/em_cmu.o
 .rodata.GPIO_PinOutSet.str1.1
                0x000080dd       0x64 ./gecko_sdk_3.2.3/platform/emlib/src/em_gpio.o
 .rodata.GPIO_DbgLocationSet.str1.1
                0x00008141       0x64 ./gecko_sdk_3.2.3/platform/emlib/src/em_gpio.o
 .rodata.USART_BaudrateAsyncSet.str1.1
                0x000081a5       0x31 ./gecko_sdk_3.2.3/platform/emlib/src/em_usart.o
 *fill*         0x000081d6        0x2 
 .rodata        0x000081d8       0x1c ./gecko_sdk_3.2.3/platform/emlib/src/retargetserial.o
 .rodata.hmi_float_to_string_converter.str1.1
                0x000081f4        0x5 ./main.o
 *fill*         0x000081f9        0x3 
 .rodata        0x000081fc       0x1c ./main.o
 .rodata._global_impure_ptr
                0x00008218        0x4 c:/siliconlabs/simplicitystudio/v5/developer/toolchains/gnu_arm/10.3_2021.10/bin/../lib/gcc/arm-none-eabi/10.3.1/../../../../arm-none-eabi/lib/thumb/v7e-m+fp/softfp\libc_nano.a(lib_a-impure.o)
                0x00008218                _global_impure_ptr
 .rodata._printf_float.str1.1
                0x0000821c       0x12 c:/siliconlabs/simplicitystudio/v5/developer/toolchains/gnu_arm/10.3_2021.10/bin/../lib/gcc/arm-none-eabi/10.3.1/../../../../arm-none-eabi/lib/thumb/v7e-m+fp/softfp\libc_nano.a(lib_a-nano-vfprintf_float.o)
 .rodata._printf_i.str1.1
                0x0000822e       0x22 c:/siliconlabs/simplicitystudio/v5/developer/toolchains/gnu_arm/10.3_2021.10/bin/../lib/gcc/arm-none-eabi/10.3.1/../../../../arm-none-eabi/lib/thumb/v7e-m+fp/softfp\libc_nano.a(lib_a-nano-vfprintf_i.o)
 .rodata._strtod_l.str1.1
                0x00008250       0x22 c:/siliconlabs/simplicitystudio/v5/developer/toolchains/gnu_arm/10.3_2021.10/bin/../lib/gcc/arm-none-eabi/10.3.1/../../../../arm-none-eabi/lib/thumb/v7e-m+fp/softfp\libc_nano.a(lib_a-strtod.o)
                                  0xd (size before relaxing)
 .rodata.fpi.1  0x00008250       0x14 c:/siliconlabs/simplicitystudio/v5/developer/toolchains/gnu_arm/10.3_2021.10/bin/../lib/gcc/arm-none-eabi/10.3.1/../../../../arm-none-eabi/lib/thumb/v7e-m+fp/softfp\libc_nano.a(lib_a-strtod.o)
 .rodata.fpinan.0
                0x00008264       0x14 c:/siliconlabs/simplicitystudio/v5/developer/toolchains/gnu_arm/10.3_2021.10/bin/../lib/gcc/arm-none-eabi/10.3.1/../../../../arm-none-eabi/lib/thumb/v7e-m+fp/softfp\libc_nano.a(lib_a-strtod.o)
 .rodata.tinytens
                0x00008278       0x28 c:/siliconlabs/simplicitystudio/v5/developer/toolchains/gnu_arm/10.3_2021.10/bin/../lib/gcc/arm-none-eabi/10.3.1/../../../../arm-none-eabi/lib/thumb/v7e-m+fp/softfp\libc_nano.a(lib_a-strtod.o)
 .rodata._dtoa_r.str1.1
                0x000082a0       0xb3 c:/siliconlabs/simplicitystudio/v5/developer/toolchains/gnu_arm/10.3_2021.10/bin/../lib/gcc/arm-none-eabi/10.3.1/../../../../arm-none-eabi/lib/thumb/v7e-m+fp/softfp\libc_nano.a(lib_a-dtoa.o)
                                 0xb5 (size before relaxing)
 *fill*         0x00008353        0x1 
 .rodata.__sf_fake_stderr
                0x00008354       0x20 c:/siliconlabs/simplicitystudio/v5/developer/toolchains/gnu_arm/10.3_2021.10/bin/../lib/gcc/arm-none-eabi/10.3.1/../../../../arm-none-eabi/lib/thumb/v7e-m+fp/softfp\libc_nano.a(lib_a-findfp.o)
                0x00008354                __sf_fake_stderr
 .rodata.__sf_fake_stdin
                0x00008374       0x20 c:/siliconlabs/simplicitystudio/v5/developer/toolchains/gnu_arm/10.3_2021.10/bin/../lib/gcc/arm-none-eabi/10.3.1/../../../../arm-none-eabi/lib/thumb/v7e-m+fp/softfp\libc_nano.a(lib_a-findfp.o)
                0x00008374                __sf_fake_stdin
 .rodata.__sf_fake_stdout
                0x00008394       0x20 c:/siliconlabs/simplicitystudio/v5/developer/toolchains/gnu_arm/10.3_2021.10/bin/../lib/gcc/arm-none-eabi/10.3.1/../../../../arm-none-eabi/lib/thumb/v7e-m+fp/softfp\libc_nano.a(lib_a-findfp.o)
                0x00008394                __sf_fake_stdout
 .rodata.__gethex.str1.1
                0x000083b4       0x86 c:/siliconlabs/simplicitystudio/v5/developer/toolchains/gnu_arm/10.3_2021.10/bin/../lib/gcc/arm-none-eabi/10.3.1/../../../../arm-none-eabi/lib/thumb/v7e-m+fp/softfp\libc_nano.a(lib_a-gdtoa-gethex.o)
                                 0x97 (size before relaxing)
 .rodata.str1.1
                0x0000843a        0x2 c:/siliconlabs/simplicitystudio/v5/developer/toolchains/gnu_arm/10.3_2021.10/bin/../lib/gcc/arm-none-eabi/10.3.1/../../../../arm-none-eabi/lib/thumb/v7e-m+fp/softfp\libc_nano.a(lib_a-lnumeric.o)
                                  0x3 (size before relaxing)
 .rodata._C_numeric_locale
                0x0000843c        0xc c:/siliconlabs/simplicitystudio/v5/developer/toolchains/gnu_arm/10.3_2021.10/bin/../lib/gcc/arm-none-eabi/10.3.1/../../../../arm-none-eabi/lib/thumb/v7e-m+fp/softfp\libc_nano.a(lib_a-lnumeric.o)
                0x0000843c                _C_numeric_locale
 .rodata._setlocale_r.str1.1
                0x00008448        0x8 c:/siliconlabs/simplicitystudio/v5/developer/toolchains/gnu_arm/10.3_2021.10/bin/../lib/gcc/arm-none-eabi/10.3.1/../../../../arm-none-eabi/lib/thumb/v7e-m+fp/softfp\libc_nano.a(lib_a-locale.o)
                                  0x9 (size before relaxing)
 .rodata.str1.1
                0x00008450        0x2 c:/siliconlabs/simplicitystudio/v5/developer/toolchains/gnu_arm/10.3_2021.10/bin/../lib/gcc/arm-none-eabi/10.3.1/../../../../arm-none-eabi/lib/thumb/v7e-m+fp/softfp\libc_nano.a(lib_a-locale.o)
 .rodata._Balloc.str1.1
                0x00008450       0x7f c:/siliconlabs/simplicitystudio/v5/developer/toolchains/gnu_arm/10.3_2021.10/bin/../lib/gcc/arm-none-eabi/10.3.1/../../../../arm-none-eabi/lib/thumb/v7e-m+fp/softfp\libc_nano.a(lib_a-mprec.o)
                                 0x96 (size before relaxing)
 .rodata.__multadd.str1.1
                0x000084cf       0x11 c:/siliconlabs/simplicitystudio/v5/developer/toolchains/gnu_arm/10.3_2021.10/bin/../lib/gcc/arm-none-eabi/10.3.1/../../../../arm-none-eabi/lib/thumb/v7e-m+fp/softfp\libc_nano.a(lib_a-mprec.o)
 *fill*         0x000084cf        0x1 
 .rodata.__mprec_bigtens
                0x000084d0       0x28 c:/siliconlabs/simplicitystudio/v5/developer/toolchains/gnu_arm/10.3_2021.10/bin/../lib/gcc/arm-none-eabi/10.3.1/../../../../arm-none-eabi/lib/thumb/v7e-m+fp/softfp\libc_nano.a(lib_a-mprec.o)
                0x000084d0                __mprec_bigtens
 .rodata.__mprec_tens
                0x000084f8       0xc8 c:/siliconlabs/simplicitystudio/v5/developer/toolchains/gnu_arm/10.3_2021.10/bin/../lib/gcc/arm-none-eabi/10.3.1/../../../../arm-none-eabi/lib/thumb/v7e-m+fp/softfp\libc_nano.a(lib_a-mprec.o)
                0x000084f8                __mprec_tens
 .rodata.p05.0  0x000085c0        0xc c:/siliconlabs/simplicitystudio/v5/developer/toolchains/gnu_arm/10.3_2021.10/bin/../lib/gcc/arm-none-eabi/10.3.1/../../../../arm-none-eabi/lib/thumb/v7e-m+fp/softfp\libc_nano.a(lib_a-mprec.o)
 .rodata._svfprintf_r.str1.1
                0x000085cc       0x11 c:/siliconlabs/simplicitystudio/v5/developer/toolchains/gnu_arm/10.3_2021.10/bin/../lib/gcc/arm-none-eabi/10.3.1/../../../../arm-none-eabi/lib/thumb/v7e-m+fp/softfp\libc_nano.a(lib_a-nano-svfprintf.o)
 .rodata.__assert_func.str1.1
                0x000085dd       0x3c c:/siliconlabs/simplicitystudio/v5/developer/toolchains/gnu_arm/10.3_2021.10/bin/../lib/gcc/arm-none-eabi/10.3.1/../../../../arm-none-eabi/lib/thumb/v7e-m+fp/softfp\libc_nano.a(lib_a-assert.o)
                                 0x3d (size before relaxing)
 .rodata._ctype_
                0x00008619      0x101 c:/siliconlabs/simplicitystudio/v5/developer/toolchains/gnu_arm/10.3_2021.10/bin/../lib/gcc/arm-none-eabi/10.3.1/../../../../arm-none-eabi/lib/thumb/v7e-m+fp/softfp\libc_nano.a(lib_a-ctype_.o)
                0x00008619                _ctype_
 .rodata._vfprintf_r.str1.1
                0x0000871a       0x11 c:/siliconlabs/simplicitystudio/v5/developer/toolchains/gnu_arm/10.3_2021.10/bin/../lib/gcc/arm-none-eabi/10.3.1/../../../../arm-none-eabi/lib/thumb/v7e-m+fp/softfp\libc_nano.a(lib_a-nano-vfprintf.o)
 *(.eh_frame*)
 *fill*         0x0000871a        0x2 
 .eh_frame      0x0000871c        0x0 c:/siliconlabs/simplicitystudio/v5/developer/toolchains/gnu_arm/10.3_2021.10/bin/../lib/gcc/arm-none-eabi/10.3.1/thumb/v7e-m+fp/softfp/crtbegin.o

.glue_7         0x0000871c        0x0
 .glue_7        0x0000871c        0x0 linker stubs

.glue_7t        0x0000871c        0x0
 .glue_7t       0x0000871c        0x0 linker stubs

.vfp11_veneer   0x0000871c        0x0
 .vfp11_veneer  0x0000871c        0x0 linker stubs

.v4_bx          0x0000871c        0x0
 .v4_bx         0x0000871c        0x0 linker stubs

.iplt           0x0000871c        0x0
 .iplt          0x0000871c        0x0 c:/siliconlabs/simplicitystudio/v5/developer/toolchains/gnu_arm/10.3_2021.10/bin/../lib/gcc/arm-none-eabi/10.3.1/thumb/v7e-m+fp/softfp/crtbegin.o

.ARM.extab
 *(.ARM.extab* .gnu.linkonce.armextab.*)
                0x0000871c                __exidx_start = .

.ARM.exidx      0x0000871c        0x8
 *(.ARM.exidx* .gnu.linkonce.armexidx.*)
 .ARM.exidx     0x0000871c        0x8 c:/siliconlabs/simplicitystudio/v5/developer/toolchains/gnu_arm/10.3_2021.10/bin/../lib/gcc/arm-none-eabi/10.3.1/../../../../arm-none-eabi/lib/thumb/v7e-m+fp/softfp/crt0.o
                                 0x10 (size before relaxing)
                0x00008724                __exidx_end = .
                0x00008724                __etext = .

.rel.dyn        0x00008724        0x0
 .rel.iplt      0x00008724        0x0 c:/siliconlabs/simplicitystudio/v5/developer/toolchains/gnu_arm/10.3_2021.10/bin/../lib/gcc/arm-none-eabi/10.3.1/thumb/v7e-m+fp/softfp/crtbegin.o
                0x20000000                . = ORIGIN (RAM)

.stack          0x20000000     0x1000
                0x20000000                __StackLimit = .
 *(.stack*)
 .stack         0x20000000        0x0 ./gecko_sdk_3.2.3/platform/Device/SiliconLabs/EFM32GG11B/Source/GCC/startup_efm32gg11b.o
 .stack         0x20000000     0x1000 ./gecko_sdk_3.2.3/platform/common/toolchain/src/sl_memory.o
                0x20001000                . = ALIGN (0x4)
                0x20001000                __StackTop = .
                0x20001000                PROVIDE (__stack = __StackTop)

.noinit
 *(.noinit*)

.data           0x20001000      0xfdc load address 0x00008724
                0x20001000                . = ALIGN (0x4)
                0x20001000                __data_start__ = .
 *(vtable)
 *(.data*)
 .data.SystemHFXOClock
                0x20001000        0x4 ./gecko_sdk_3.2.3/platform/Device/SiliconLabs/EFM32GG11B/Source/system_efm32gg11b.o
 .data.SystemHfrcoFreq
                0x20001004        0x4 ./gecko_sdk_3.2.3/platform/Device/SiliconLabs/EFM32GG11B/Source/system_efm32gg11b.o
                0x20001004                SystemHfrcoFreq
 .data.SystemLFXOClock
                0x20001008        0x4 ./gecko_sdk_3.2.3/platform/Device/SiliconLabs/EFM32GG11B/Source/system_efm32gg11b.o
 .data.heap_end.0
                0x2000100c        0x4 ./gecko_sdk_3.2.3/platform/common/toolchain/src/sl_memory.o
 .data.auxHfrcoFreq
                0x20001010        0x4 ./gecko_sdk_3.2.3/platform/emlib/src/em_cmu.o
 .data.ushfrcoFreq
                0x20001014        0x4 ./gecko_sdk_3.2.3/platform/emlib/src/em_cmu.o
 .data.RETRIEVE_CONFIGURATION_COMMAND
                0x20001018        0x1 ./main.o
                0x20001018                RETRIEVE_CONFIGURATION_COMMAND
 .data.RETRIEVE_MEASUREMENT_COMMAND
                0x20001019        0x1 ./main.o
                0x20001019                RETRIEVE_MEASUREMENT_COMMAND
 .data.TOGGLE_GENERATOR_COMMAND
                0x2000101a        0x1 ./main.o
                0x2000101a                TOGGLE_GENERATOR_COMMAND
 .data.UPDATE_CONFIGURATION_COMMAND
                0x2000101b        0x1 ./main.o
                0x2000101b                UPDATE_CONFIGURATION_COMMAND
 .data.clear_page_t2
                0x2000101c       0x15 ./main.o
                0x2000101c                clear_page_t2
 .data.page_indicator_ac_input_fault
                0x20001031       0x23 ./main.o
                0x20001031                page_indicator_ac_input_fault
 .data.page_indicator_bulk_charging_state
                0x20001054       0x28 ./main.o
                0x20001054                page_indicator_bulk_charging_state
 .data.page_indicator_calibration_state
                0x2000107c       0x26 ./main.o
                0x2000107c                page_indicator_calibration_state
 .data.page_indicator_clear_config1
                0x200010a2       0x19 ./main.o
                0x200010a2                page_indicator_clear_config1
 .data.page_indicator_clear_config2
                0x200010bb       0x19 ./main.o
                0x200010bb                page_indicator_clear_config2
 .data.page_indicator_config_not_full_c1
                0x200010d4       0x32 ./main.o
                0x200010d4                page_indicator_config_not_full_c1
 .data.page_indicator_config_not_full_c2
                0x20001106       0x32 ./main.o
                0x20001106                page_indicator_config_not_full_c2
 .data.page_indicator_config_not_received_c1
                0x20001138       0x43 ./main.o
                0x20001138                page_indicator_config_not_received_c1
 .data.page_indicator_config_not_received_c2
                0x2000117b       0x43 ./main.o
                0x2000117b                page_indicator_config_not_received_c2
 .data.page_indicator_config_please_wait_c1
                0x200011be       0x27 ./main.o
                0x200011be                page_indicator_config_please_wait_c1
 .data.page_indicator_config_please_wait_c2
                0x200011e5       0x27 ./main.o
                0x200011e5                page_indicator_config_please_wait_c2
 .data.page_indicator_config_received_c1
                0x2000120c       0x2f ./main.o
                0x2000120c                page_indicator_config_received_c1
 .data.page_indicator_config_received_c2
                0x2000123b       0x2f ./main.o
                0x2000123b                page_indicator_config_received_c2
 .data.page_indicator_config_updating_c1
                0x2000126a       0x42 ./main.o
                0x2000126a                page_indicator_config_updating_c1
 .data.page_indicator_config_updating_c2
                0x200012ac       0x42 ./main.o
                0x200012ac                page_indicator_config_updating_c2
 .data.page_indicator_config_updating_values_c1
                0x200012ee       0x52 ./main.o
                0x200012ee                page_indicator_config_updating_values_c1
 .data.page_indicator_config_updating_values_c2
                0x20001340       0x52 ./main.o
                0x20001340                page_indicator_config_updating_values_c2
 .data.page_indicator_configuration_state
                0x20001392       0x28 ./main.o
                0x20001392                page_indicator_configuration_state
 .data.page_indicator_emergency_shutdown_state
                0x200013ba       0x2d ./main.o
                0x200013ba                page_indicator_emergency_shutdown_state
 .data.page_indicator_emergrncy_switc_pressed
                0x200013e7       0x2d ./main.o
                0x200013e7                page_indicator_emergrncy_switc_pressed
 .data.page_indicator_error_state
                0x20001414       0x20 ./main.o
                0x20001414                page_indicator_error_state
 .data.page_indicator_failed_startup_c1
                0x20001434       0x3d ./main.o
                0x20001434                page_indicator_failed_startup_c1
 .data.page_indicator_failed_startup_c2
                0x20001471       0x3d ./main.o
                0x20001471                page_indicator_failed_startup_c2
 .data.page_indicator_failed_stop_c1
                0x200014ae       0x3c ./main.o
                0x200014ae                page_indicator_failed_stop_c1
 .data.page_indicator_failed_stop_c2
                0x200014ea       0x3c ./main.o
                0x200014ea                page_indicator_failed_stop_c2
 .data.page_indicator_gen_cooldown_state
                0x20001526       0x2d ./main.o
                0x20001526                page_indicator_gen_cooldown_state
 .data.page_indicator_gen_failed_charge_batt
                0x20001553       0x37 ./main.o
                0x20001553                page_indicator_gen_failed_charge_batt
 .data.page_indicator_gen_failed_start
                0x2000158a       0x2e ./main.o
                0x2000158a                page_indicator_gen_failed_start
 .data.page_indicator_gen_failed_stop
                0x200015b8       0x2d ./main.o
                0x200015b8                page_indicator_gen_failed_stop
 .data.page_indicator_gen_off
                0x200015e5       0x25 ./main.o
                0x200015e5                page_indicator_gen_off
 .data.page_indicator_gen_on
                0x2000160a       0x29 ./main.o
                0x2000160a                page_indicator_gen_on
 .data.page_indicator_gen_startup_state
                0x20001633       0x2c ./main.o
                0x20001633                page_indicator_gen_startup_state
 .data.page_indicator_gen_stopped_prem
                0x2000165f       0x32 ./main.o
                0x2000165f                page_indicator_gen_stopped_prem
 .data.page_indicator_gen_warmup_state
                0x20001691       0x2b ./main.o
                0x20001691                page_indicator_gen_warmup_state
 .data.page_indicator_generator_cooldown_c1
                0x200016bc       0x2b ./main.o
                0x200016bc                page_indicator_generator_cooldown_c1
 .data.page_indicator_generator_cooldown_c2
                0x200016e7       0x2b ./main.o
                0x200016e7                page_indicator_generator_cooldown_c2
 .data.page_indicator_generator_cooldown_time
                0x20001712       0x19 ./main.o
                0x20001712                page_indicator_generator_cooldown_time
 .data.page_indicator_generator_off_c1
                0x2000172b       0x41 ./main.o
                0x2000172b                page_indicator_generator_off_c1
 .data.page_indicator_generator_off_c2
                0x2000176c       0x41 ./main.o
                0x2000176c                page_indicator_generator_off_c2
 .data.page_indicator_generator_on_c1
                0x200017ad       0x3f ./main.o
                0x200017ad                page_indicator_generator_on_c1
 .data.page_indicator_generator_on_c2
                0x200017ec       0x3f ./main.o
                0x200017ec                page_indicator_generator_on_c2
 .data.page_indicator_generator_retry_limit
                0x2000182b       0x19 ./main.o
                0x2000182b                page_indicator_generator_retry_limit
 .data.page_indicator_generator_runtime
                0x20001844       0x19 ./main.o
                0x20001844                page_indicator_generator_runtime
 .data.page_indicator_generator_startup_c1
                0x2000185d       0x2a ./main.o
                0x2000185d                page_indicator_generator_startup_c1
 .data.page_indicator_generator_startup_c2
                0x20001887       0x2a ./main.o
                0x20001887                page_indicator_generator_startup_c2
 .data.page_indicator_generator_type
                0x200018b1       0x19 ./main.o
                0x200018b1                page_indicator_generator_type
 .data.page_indicator_high_cutoff
                0x200018ca       0x19 ./main.o
                0x200018ca                page_indicator_high_cutoff
 .data.page_indicator_hour_meter_delay
                0x200018e3       0x19 ./main.o
                0x200018e3                page_indicator_hour_meter_delay
 .data.page_indicator_hour_meter_polarity
                0x200018fc       0x19 ./main.o
                0x200018fc                page_indicator_hour_meter_polarity
 .data.page_indicator_idle_state
                0x20001915       0x1f ./main.o
                0x20001915                page_indicator_idle_state
 .data.page_indicator_init_server_comm_state
                0x20001934       0x2e ./main.o
                0x20001934                page_indicator_init_server_comm_state
 .data.page_indicator_initialization_state
                0x20001962       0x29 ./main.o
                0x20001962                page_indicator_initialization_state
 .data.page_indicator_low_trigger
                0x2000198b       0x19 ./main.o
                0x2000198b                page_indicator_low_trigger
 .data.page_indicator_modem_apn
                0x200019a4       0x19 ./main.o
                0x200019a4                page_indicator_modem_apn
 .data.page_indicator_power_output_fault
                0x200019bd       0x27 ./main.o
                0x200019bd                page_indicator_power_output_fault
 .data.page_indicator_relay_k3_actiivation
                0x200019e4       0x19 ./main.o
                0x200019e4                page_indicator_relay_k3_actiivation
 .data.page_indicator_relay_k3_delay
                0x200019fd       0x19 ./main.o
                0x200019fd                page_indicator_relay_k3_delay
 .data.page_indicator_relay_k4_activation
                0x20001a16       0x19 ./main.o
                0x20001a16                page_indicator_relay_k4_activation
 .data.page_indicator_relay_k4_delay
                0x20001a2f       0x19 ./main.o
                0x20001a2f                page_indicator_relay_k4_delay
 .data.page_indicator_router_name
                0x20001a48       0x19 ./main.o
                0x20001a48                page_indicator_router_name
 .data.page_indicator_router_password
                0x20001a61       0x19 ./main.o
                0x20001a61                page_indicator_router_password
 .data.page_indicator_serial_number
                0x20001a7a       0x19 ./main.o
                0x20001a7a                page_indicator_serial_number
 .data.page_indicator_slave_charger_ac_input_error
                0x20001a93       0x31 ./main.o
                0x20001a93                page_indicator_slave_charger_ac_input_error
 .data.page_indicator_slave_charger_in_charging_state
                0x20001ac4       0x37 ./main.o
                0x20001ac4                page_indicator_slave_charger_in_charging_state
 .data.page_indicator_slave_charger_runtime_error
                0x20001afb       0x30 ./main.o
                0x20001afb                page_indicator_slave_charger_runtime_error
 .data.page_indicator_smb_fault
                0x20001b2b       0x1e ./main.o
                0x20001b2b                page_indicator_smb_fault
 .data.page_indicator_stuck_switch_fault
                0x20001b49       0x27 ./main.o
                0x20001b49                page_indicator_stuck_switch_fault
 .data.page_indicator_t10
                0x20001b70       0x16 ./main.o
                0x20001b70                page_indicator_t10
 .data.page_indicator_t11
                0x20001b86       0x16 ./main.o
                0x20001b86                page_indicator_t11
 .data.page_indicator_t12
                0x20001b9c       0x16 ./main.o
                0x20001b9c                page_indicator_t12
 .data.page_indicator_t13
                0x20001bb2       0x16 ./main.o
                0x20001bb2                page_indicator_t13
 .data.page_indicator_t14
                0x20001bc8       0x16 ./main.o
                0x20001bc8                page_indicator_t14
 .data.page_indicator_t15
                0x20001bde       0x16 ./main.o
                0x20001bde                page_indicator_t15
 .data.page_indicator_t16
                0x20001bf4       0x16 ./main.o
                0x20001bf4                page_indicator_t16
 .data.page_indicator_t17
                0x20001c0a       0x16 ./main.o
                0x20001c0a                page_indicator_t17
 .data.page_indicator_t18
                0x20001c20       0x16 ./main.o
                0x20001c20                page_indicator_t18
 .data.page_indicator_t19
                0x20001c36       0x16 ./main.o
                0x20001c36                page_indicator_t19
 .data.page_indicator_t20
                0x20001c4c       0x16 ./main.o
                0x20001c4c                page_indicator_t20
 .data.page_indicator_t40
                0x20001c62       0x16 ./main.o
                0x20001c62                page_indicator_t40
 .data.page_indicator_t5
                0x20001c78       0x15 ./main.o
                0x20001c78                page_indicator_t5
 .data.page_indicator_t6
                0x20001c8d       0x15 ./main.o
                0x20001c8d                page_indicator_t6
 .data.page_indicator_t7
                0x20001ca2       0x15 ./main.o
                0x20001ca2                page_indicator_t7
 .data.page_indicator_t8
                0x20001cb7       0x15 ./main.o
                0x20001cb7                page_indicator_t8
 .data.page_indicator_t9
                0x20001ccc       0x15 ./main.o
                0x20001ccc                page_indicator_t9
 .data.page_indicator_unable_config_updating_server_rotary
                0x20001ce1       0x3c ./main.o
                0x20001ce1                page_indicator_unable_config_updating_server_rotary
 .data.page_indicator_unable_to_initiate_server
                0x20001d1d       0x2e ./main.o
                0x20001d1d                page_indicator_unable_to_initiate_server
 .data.page_indicator_under_vlotage_lockout
                0x20001d4b       0x19 ./main.o
                0x20001d4b                page_indicator_under_vlotage_lockout
 .data.page_indicator_undervoltage_lockout_fault
                0x20001d64       0x2f ./main.o
                0x20001d64                page_indicator_undervoltage_lockout_fault
 .data.page_indicator_version_number
                0x20001d93       0x19 ./main.o
                0x20001d93                page_indicator_version_number
 .data.page_indicator_warmup
                0x20001dac       0x2c ./main.o
                0x20001dac                page_indicator_warmup
 .data.page_indicator_warmup_runtime
                0x20001dd8       0x19 ./main.o
                0x20001dd8                page_indicator_warmup_runtime
 *fill*         0x20001df1        0x3 
 .data.ptrUart0ConfigBuffer
                0x20001df4        0x4 ./main.o
                0x20001df4                ptrUart0ConfigBuffer
 .data.request_configuration_length
                0x20001df8        0x2 ./main.o
                0x20001df8                request_configuration_length
 .data.request_measurement_length
                0x20001dfa        0x2 ./main.o
                0x20001dfa                request_measurement_length
 .data.toggle_generator_length
                0x20001dfc        0x2 ./main.o
                0x20001dfc                toggle_generator_length
 .data.transmit_configuration_length
                0x20001dfe        0x2 ./main.o
                0x20001dfe                transmit_configuration_length
 .data._impure_ptr
                0x20001e00        0x4 c:/siliconlabs/simplicitystudio/v5/developer/toolchains/gnu_arm/10.3_2021.10/bin/../lib/gcc/arm-none-eabi/10.3.1/../../../../arm-none-eabi/lib/thumb/v7e-m+fp/softfp\libc_nano.a(lib_a-impure.o)
                0x20001e00                _impure_ptr
 .data.impure_data
                0x20001e04       0x60 c:/siliconlabs/simplicitystudio/v5/developer/toolchains/gnu_arm/10.3_2021.10/bin/../lib/gcc/arm-none-eabi/10.3.1/../../../../arm-none-eabi/lib/thumb/v7e-m+fp/softfp\libc_nano.a(lib_a-impure.o)
 .data.numempty
                0x20001e64        0x2 c:/siliconlabs/simplicitystudio/v5/developer/toolchains/gnu_arm/10.3_2021.10/bin/../lib/gcc/arm-none-eabi/10.3.1/../../../../arm-none-eabi/lib/thumb/v7e-m+fp/softfp\libc_nano.a(lib_a-lnumeric.o)
 *fill*         0x20001e66        0x2 
 .data.__global_locale
                0x20001e68      0x16c c:/siliconlabs/simplicitystudio/v5/developer/toolchains/gnu_arm/10.3_2021.10/bin/../lib/gcc/arm-none-eabi/10.3.1/../../../../arm-none-eabi/lib/thumb/v7e-m+fp/softfp\libc_nano.a(lib_a-locale.o)
                0x20001e68                __global_locale
                0x20001fd4                . = ALIGN (0x4)
                [!provide]                PROVIDE (__ram_func_section_start = .)
 *(.ram)
                [!provide]                PROVIDE (__ram_func_section_end = .)
                0x20001fd4                . = ALIGN (0x4)
                0x20001fd4                PROVIDE (__preinit_array_start = .)
 *(.preinit_array)
                0x20001fd4                PROVIDE (__preinit_array_end = .)
                0x20001fd4                . = ALIGN (0x4)
                0x20001fd4                PROVIDE (__init_array_start = .)
 *(SORT_BY_NAME(.init_array.*))
 *(.init_array)
 .init_array    0x20001fd4        0x4 c:/siliconlabs/simplicitystudio/v5/developer/toolchains/gnu_arm/10.3_2021.10/bin/../lib/gcc/arm-none-eabi/10.3.1/thumb/v7e-m+fp/softfp/crtbegin.o
                0x20001fd8                PROVIDE (__init_array_end = .)
                0x20001fd8                . = ALIGN (0x4)
                [!provide]                PROVIDE (__fini_array_start = .)
 *(SORT_BY_NAME(.fini_array.*))
 *(.fini_array)
 .fini_array    0x20001fd8        0x4 c:/siliconlabs/simplicitystudio/v5/developer/toolchains/gnu_arm/10.3_2021.10/bin/../lib/gcc/arm-none-eabi/10.3.1/thumb/v7e-m+fp/softfp/crtbegin.o
                [!provide]                PROVIDE (__fini_array_end = .)
                0x20001fdc                . = ALIGN (0x4)
                0x20001fdc                __data_end__ = .

.igot.plt       0x20001fdc        0x0 load address 0x00009700
 .igot.plt      0x20001fdc        0x0 c:/siliconlabs/simplicitystudio/v5/developer/toolchains/gnu_arm/10.3_2021.10/bin/../lib/gcc/arm-none-eabi/10.3.1/thumb/v7e-m+fp/softfp/crtbegin.o

.bss            0x20001fdc      0x7fc load address 0x00009700
                0x20001fdc                . = ALIGN (0x4)
                0x20001fdc                __bss_start__ = .
 *(.bss*)
 .bss           0x20001fdc       0x1c c:/siliconlabs/simplicitystudio/v5/developer/toolchains/gnu_arm/10.3_2021.10/bin/../lib/gcc/arm-none-eabi/10.3.1/thumb/v7e-m+fp/softfp/crtbegin.o
 .bss.LFtoCRLF  0x20001ff8        0x1 ./gecko_sdk_3.2.3/platform/emlib/src/retargetserial.o
 .bss.initialized
                0x20001ff9        0x1 ./gecko_sdk_3.2.3/platform/emlib/src/retargetserial.o
 .bss.rxBuffer  0x20001ffa        0x8 ./gecko_sdk_3.2.3/platform/emlib/src/retargetserial.o
 *fill*         0x20002002        0x2 
 .bss.rxCount   0x20002004        0x4 ./gecko_sdk_3.2.3/platform/emlib/src/retargetserial.o
 .bss.rxReadIndex
                0x20002008        0x4 ./gecko_sdk_3.2.3/platform/emlib/src/retargetserial.o
 .bss.rxWriteIndex
                0x2000200c        0x4 ./gecko_sdk_3.2.3/platform/emlib/src/retargetserial.o
 .bss.buffer_index_uart_0
                0x20002010        0x4 ./main.o
                0x20002010                buffer_index_uart_0
 .bss.buffer_index_uart_5
                0x20002014        0x4 ./main.o
                0x20002014                buffer_index_uart_5
 .bss.data_buffer_uart_0
                0x20002018      0x200 ./main.o
                0x20002018                data_buffer_uart_0
 .bss.data_buffer_uart_5
                0x20002218      0x200 ./main.o
                0x20002218                data_buffer_uart_5
 .bss.data_byte_received_flag_uart0
                0x20002418        0x4 ./main.o
                0x20002418                data_byte_received_flag_uart0
 .bss.data_byte_received_flag_usart5
                0x2000241c        0x4 ./main.o
                0x2000241c                data_byte_received_flag_usart5
 .bss.frame_count
                0x20002420        0x1 ./main.o
                0x20002420                frame_count
 .bss.generator_cooldown_time_buff
                0x20002421        0x4 ./main.o
                0x20002421                generator_cooldown_time_buff
 .bss.generator_cooldown_time_buff_display
                0x20002425        0x4 ./main.o
                0x20002425                generator_cooldown_time_buff_display
 .bss.generator_retry_limit_buff
                0x20002429        0x4 ./main.o
                0x20002429                generator_retry_limit_buff
 .bss.generator_retry_limit_buff_display
                0x2000242d        0x4 ./main.o
                0x2000242d                generator_retry_limit_buff_display
 .bss.generator_run_time_buff
                0x20002431        0x4 ./main.o
                0x20002431                generator_run_time_buff
 .bss.generator_run_time_buff_display
                0x20002435        0x4 ./main.o
                0x20002435                generator_run_time_buff_display
 .bss.generator_type_buff
                0x20002439        0x4 ./main.o
                0x20002439                generator_type_buff
 .bss.generator_type_buff_display
                0x2000243d        0x4 ./main.o
                0x2000243d                generator_type_buff_display
 .bss.generator_type_flag
                0x20002441        0x1 ./main.o
                0x20002441                generator_type_flag
 .bss.generator_voltage_buff
                0x20002442        0x4 ./main.o
                0x20002442                generator_voltage_buff
 .bss.high_cutoff_buff
                0x20002446        0x4 ./main.o
                0x20002446                high_cutoff_buff
 .bss.high_cutoff_value_buff_display
                0x2000244a        0x4 ./main.o
                0x2000244a                high_cutoff_value_buff_display
 .bss.hour_meter_delay_buff
                0x2000244e        0x4 ./main.o
                0x2000244e                hour_meter_delay_buff
 .bss.hour_meter_delay_buff_display
                0x20002452        0x4 ./main.o
                0x20002452                hour_meter_delay_buff_display
 .bss.hour_meter_delay_flag
                0x20002456        0x1 ./main.o
                0x20002456                hour_meter_delay_flag
 .bss.hour_meter_polarity_buff
                0x20002457        0x4 ./main.o
                0x20002457                hour_meter_polarity_buff
 .bss.hour_meter_polarity_buff_display
                0x2000245b        0x4 ./main.o
                0x2000245b                hour_meter_polarity_buff_display
 .bss.hour_meter_polarity_flag
                0x2000245f        0x1 ./main.o
                0x2000245f                hour_meter_polarity_flag
 .bss.i         0x20002460        0x2 ./main.o
                0x20002460                i
 .bss.input_current_buff
                0x20002462        0x4 ./main.o
                0x20002462                input_current_buff
 .bss.input_voltage_buff
                0x20002466        0x4 ./main.o
                0x20002466                input_voltage_buff
 .bss.load_current_buff
                0x2000246a        0x4 ./main.o
                0x2000246a                load_current_buff
 .bss.low_trigger_buff
                0x2000246e        0x4 ./main.o
                0x2000246e                low_trigger_buff
 .bss.low_trigger_value_buff_display
                0x20002472        0x4 ./main.o
                0x20002472                low_trigger_value_buff_display
 .bss.modem_apn_buff
                0x20002476       0x20 ./main.o
                0x20002476                modem_apn_buff
 .bss.modem_apn_buff_display
                0x20002496       0x20 ./main.o
                0x20002496                modem_apn_buff_display
 *fill*         0x200024b6        0x2 
 .bss.msTicks   0x200024b8        0x4 ./main.o
                0x200024b8                msTicks
 .bss.output_current_buff
                0x200024bc        0x4 ./main.o
                0x200024bc                output_current_buff
 .bss.output_voltage_buff
                0x200024c0        0x4 ./main.o
                0x200024c0                output_voltage_buff
 .bss.ptrDataBufferUart0
                0x200024c4        0x4 ./main.o
                0x200024c4                ptrDataBufferUart0
 .bss.ptrDataBufferUsart5
                0x200024c8        0x4 ./main.o
                0x200024c8                ptrDataBufferUsart5
 .bss.relay_k3_activation_time_buff
                0x200024cc        0x4 ./main.o
                0x200024cc                relay_k3_activation_time_buff
 .bss.relay_k3_activation_time_buff_display
                0x200024d0        0x4 ./main.o
                0x200024d0                relay_k3_activation_time_buff_display
 .bss.relay_k3_activation_time_flag
                0x200024d4        0x1 ./main.o
                0x200024d4                relay_k3_activation_time_flag
 .bss.relay_k3_delay_time_buff
                0x200024d5        0x4 ./main.o
                0x200024d5                relay_k3_delay_time_buff
 .bss.relay_k3_delay_time_buff_display
                0x200024d9        0x4 ./main.o
                0x200024d9                relay_k3_delay_time_buff_display
 .bss.relay_k3_delay_time_flag
                0x200024dd        0x1 ./main.o
                0x200024dd                relay_k3_delay_time_flag
 .bss.relay_k4_activation_time_buff
                0x200024de        0x4 ./main.o
                0x200024de                relay_k4_activation_time_buff
 .bss.relay_k4_activation_time_buff_display
                0x200024e2        0x4 ./main.o
                0x200024e2                relay_k4_activation_time_buff_display
 .bss.relay_k4_activation_time_flag
                0x200024e6        0x1 ./main.o
                0x200024e6                relay_k4_activation_time_flag
 .bss.relay_k4_delay_time_buff
                0x200024e7        0x4 ./main.o
                0x200024e7                relay_k4_delay_time_buff
 .bss.relay_k4_delay_time_buff_display
                0x200024eb        0x4 ./main.o